Archive member included to satisfy reference by file (symbol)

/home/bibin/Documents/MCUXpresso_10.3.1_2233/workspace/lpc_board_nxp_lpcxpresso_1769/Debug/liblpc_board_nxp_lpcxpresso_1769.a(board.o)
                              ./freertos/src/FreeRTOSCommonHooks.o (Board_UARTPutSTR)
/home/bibin/Documents/MCUXpresso_10.3.1_2233/workspace/lpc_board_nxp_lpcxpresso_1769/Debug/liblpc_board_nxp_lpcxpresso_1769.a(board_sysinit.o)
                              ./source/src/sysinit.o (Board_SystemInit)
/home/bibin/Documents/MCUXpresso_10.3.1_2233/workspace/lpc_chip_175x_6x/Debug/liblpc_chip_175x_6x.a(chip_17xx_40xx.o)
                              ./freertos/src/port.o (SystemCoreClock)
/home/bibin/Documents/MCUXpresso_10.3.1_2233/workspace/lpc_chip_175x_6x/Debug/liblpc_chip_175x_6x.a(clock_17xx_40xx.o)
                              /home/bibin/Documents/MCUXpresso_10.3.1_2233/workspace/lpc_chip_175x_6x/Debug/liblpc_chip_175x_6x.a(chip_17xx_40xx.o) (Chip_Clock_EnablePLL)
/home/bibin/Documents/MCUXpresso_10.3.1_2233/workspace/lpc_chip_175x_6x/Debug/liblpc_chip_175x_6x.a(i2s_17xx_40xx.o)
                              /home/bibin/Documents/MCUXpresso_10.3.1_2233/workspace/lpc_board_nxp_lpcxpresso_1769/Debug/liblpc_board_nxp_lpcxpresso_1769.a(board.o) (Chip_I2S_Init)
/home/bibin/Documents/MCUXpresso_10.3.1_2233/workspace/lpc_chip_175x_6x/Debug/liblpc_chip_175x_6x.a(iocon_17xx_40xx.o)
                              /home/bibin/Documents/MCUXpresso_10.3.1_2233/workspace/lpc_board_nxp_lpcxpresso_1769/Debug/liblpc_board_nxp_lpcxpresso_1769.a(board.o) (Chip_IOCON_PinMux)
/home/bibin/Documents/MCUXpresso_10.3.1_2233/workspace/lpc_chip_175x_6x/Debug/liblpc_chip_175x_6x.a(sysinit_17xx_40xx.o)
                              /home/bibin/Documents/MCUXpresso_10.3.1_2233/workspace/lpc_board_nxp_lpcxpresso_1769/Debug/liblpc_board_nxp_lpcxpresso_1769.a(board_sysinit.o) (Chip_SetupXtalClocking)
/home/bibin/Documents/MCUXpresso_10.3.1_2233/workspace/lpc_chip_175x_6x/Debug/liblpc_chip_175x_6x.a(uart_17xx_40xx.o)
                              /home/bibin/Documents/MCUXpresso_10.3.1_2233/workspace/lpc_board_nxp_lpcxpresso_1769/Debug/liblpc_board_nxp_lpcxpresso_1769.a(board.o) (Chip_UART_Init)
/home/bibin/Documents/MCUXpresso_10.3.1_2233/workspace/lpc_chip_175x_6x/Debug/liblpc_chip_175x_6x.a(ring_buffer.o)
                              /home/bibin/Documents/MCUXpresso_10.3.1_2233/workspace/lpc_chip_175x_6x/Debug/liblpc_chip_175x_6x.a(uart_17xx_40xx.o) (RingBuffer_Insert)
/usr/local/mcuxpressoide-10.3.1_2233/ide/plugins/com.nxp.mcuxpresso.tools.linux_10.3.0.201811011841/tools/bin/../lib/gcc/arm-none-eabi/7.3.1/../../../../arm-none-eabi/lib/thumb/v7-m/libcr_nohost.a(_cr__main.o)
                              ./source/src/cr_startup_lpc175x_6x.o (__main)
/usr/local/mcuxpressoide-10.3.1_2233/ide/plugins/com.nxp.mcuxpresso.tools.linux_10.3.0.201811011841/tools/bin/../lib/gcc/arm-none-eabi/7.3.1/../../../../arm-none-eabi/lib/thumb/v7-m/libcr_c.a(memcpy.o)
                              ./freertos/src/queue.o (memcpy)
/usr/local/mcuxpressoide-10.3.1_2233/ide/plugins/com.nxp.mcuxpresso.tools.linux_10.3.0.201811011841/tools/bin/../lib/gcc/arm-none-eabi/7.3.1/../../../../arm-none-eabi/lib/thumb/v7-m/libcr_c.a(memset.o)
                              ./freertos/src/tasks.o (memset)
/usr/local/mcuxpressoide-10.3.1_2233/ide/plugins/com.nxp.mcuxpresso.tools.linux_10.3.0.201811011841/tools/bin/../lib/gcc/arm-none-eabi/7.3.1/../../../../arm-none-eabi/lib/thumb/v7-m/libcr_c.a(alloc.o)
                              ./freertos/src/heap_3.o (malloc)
/usr/local/mcuxpressoide-10.3.1_2233/ide/plugins/com.nxp.mcuxpresso.tools.linux_10.3.0.201811011841/tools/bin/../lib/gcc/arm-none-eabi/7.3.1/../../../../arm-none-eabi/lib/thumb/v7-m/libcr_c.a(fpprintf.o)
                              ./freertos/src/FreeRTOSCommonHooks.o (printf)
/usr/local/mcuxpressoide-10.3.1_2233/ide/plugins/com.nxp.mcuxpresso.tools.linux_10.3.0.201811011841/tools/bin/../lib/gcc/arm-none-eabi/7.3.1/../../../../arm-none-eabi/lib/thumb/v7-m/libcr_c.a(initio.o)
                              /usr/local/mcuxpressoide-10.3.1_2233/ide/plugins/com.nxp.mcuxpresso.tools.linux_10.3.0.201811011841/tools/bin/../lib/gcc/arm-none-eabi/7.3.1/../../../../arm-none-eabi/lib/thumb/v7-m/libcr_nohost.a(_cr__main.o) (_initio)
/usr/local/mcuxpressoide-10.3.1_2233/ide/plugins/com.nxp.mcuxpresso.tools.linux_10.3.0.201811011841/tools/bin/../lib/gcc/arm-none-eabi/7.3.1/../../../../arm-none-eabi/lib/thumb/v7-m/libcr_c.a(printf.o)
                              /usr/local/mcuxpressoide-10.3.1_2233/ide/plugins/com.nxp.mcuxpresso.tools.linux_10.3.0.201811011841/tools/bin/../lib/gcc/arm-none-eabi/7.3.1/../../../../arm-none-eabi/lib/thumb/v7-m/libcr_c.a(fpprintf.o) (__vfprintf)
/usr/local/mcuxpressoide-10.3.1_2233/ide/plugins/com.nxp.mcuxpresso.tools.linux_10.3.0.201811011841/tools/bin/../lib/gcc/arm-none-eabi/7.3.1/../../../../arm-none-eabi/lib/thumb/v7-m/libcr_c.a(setvbuf.o)
[...]
Memory Configuration

Name             Origin             Length             Attributes
MFlash512        0x0000000000000000 0x0000000000080000 xr
RamLoc32         0x0000000010000000 0x0000000000008000 xrw
RamAHB32         0x000000002007c000 0x0000000000008000 xrw
*default*        0x0000000000000000 0xffffffffffffffff

Linker script and memory map

LOAD ./source/src/cr_startup_lpc175x_6x.o
LOAD ./source/src/proj1.o
LOAD ./source/src/sysinit.o
LOAD ./freertos/src/FreeRTOSCommonHooks.o
LOAD ./freertos/src/heap_3.o
LOAD ./freertos/src/list.o
LOAD ./freertos/src/port.o
LOAD ./freertos/src/queue.o
LOAD ./freertos/src/tasks.o
LOAD /home/bibin/Documents/MCUXpresso_10.3.1_2233/workspace/lpc_board_nxp_lpcxpresso_1769/Debug/liblpc_board_nxp_lpcxpresso_1769.a
LOAD /home/bibin/Documents/MCUXpresso_10.3.1_2233/workspace/lpc_chip_175x_6x/Debug/liblpc_chip_175x_6x.a
START GROUP
LOAD /usr/local/mcuxpressoide-10.3.1_2233/ide/plugins/com.nxp.mcuxpresso.tools.linux_10.3.0.201811011841/tools/bin/../lib/gcc/arm-none-eabi/7.3.1/../../../../arm-none-eabi/lib/thumb/v7-m/libcr_nohost.a
LOAD /usr/local/mcuxpressoide-10.3.1_2233/ide/plugins/com.nxp.mcuxpresso.tools.linux_10.3.0.201811011841/tools/bin/../lib/gcc/arm-none-eabi/7.3.1/../../../../arm-none-eabi/lib/thumb/v7-m/libcr_c.a
LOAD /usr/local/mcuxpressoide-10.3.1_2233/ide/plugins/com.nxp.mcuxpresso.tools.linux_10.3.0.201811011841/tools/bin/../lib/gcc/arm-none-eabi/7.3.1/thumb/v7-m/libcr_eabihelpers.a
LOAD /usr/local/mcuxpressoide-10.3.1_2233/ide/plugins/com.nxp.mcuxpresso.tools.linux_10.3.0.201811011841/tools/bin/../lib/gcc/arm-none-eabi/7.3.1/thumb/v7-m/libgcc.a
END GROUP
                0x0000000000000000                __base_MFlash512 = 0x0
                0x0000000000000000                __base_Flash = 0x0
                0x0000000000080000                __top_MFlash512 = 0x80000
                0x0000000000080000                __top_Flash = 0x80000
                0x0000000010000000                __base_RamLoc32 = 0x10000000
                0x0000000010000000                __base_RAM = 0x10000000
                0x0000000010008000                __top_RamLoc32 = 0x10008000
                0x0000000010008000                __top_RAM = 0x10008000
                0x000000002007c000                __base_RamAHB32 = 0x2007c000
                0x000000002007c000                __base_RAM2 = 0x2007c000
                0x0000000020084000                __top_RamAHB32 = 0x20084000
                0x0000000020084000                __top_RAM2 = 0x20084000

.text           0x0000000000000000     0x2e1c
 FILL mask 0xff
                0x0000000000000000                __vectors_start__ = ABSOLUTE (.)
 *(.isr_vector)
 .isr_vector    0x0000000000000000       0xcc ./source/src/cr_startup_lpc175x_6x.o
                0x0000000000000000                g_pfnVectors
                0x00000000000000cc                . = ALIGN (0x4)
                0x00000000000000cc                __section_table_start = .
                0x00000000000000cc                __data_section_table = .
                0x00000000000000cc        0x4 LONG 0x2e1c LOADADDR (.data)
                0x00000000000000d0        0x4 LONG 0x10000000 ADDR (.data)
                0x00000000000000d4        0x4 LONG 0x8 SIZEOF (.data)
                0x00000000000000d8        0x4 LONG 0x2e1c LOADADDR (.data_RAM2)
                0x00000000000000dc        0x4 LONG 0x2007c000 ADDR (.data_RAM2)
                0x00000000000000e0        0x4 LONG 0x0 SIZEOF (.data_RAM2)
                0x00000000000000e4                __data_section_table_end = .
                0x00000000000000e4                __bss_section_table = .
                0x00000000000000e4        0x4 LONG 0x10000008 ADDR (.bss)
                0x00000000000000e8        0x4 LONG 0x338 SIZEOF (.bss)
                0x00000000000000ec        0x4 LONG 0x2007c000 ADDR (.bss_RAM2)
                0x00000000000000f0        0x4 LONG 0x0 SIZEOF (.bss_RAM2)
                0x00000000000000f4                __bss_section_table_end = .
                0x00000000000000f4                __section_table_end = .
 *(.after_vectors*)
 .after_vectors
                0x00000000000000f4      0x12c ./source/src/cr_startup_lpc175x_6x.o
                0x00000000000000f4                data_init
                0x0000000000000136                bss_init
                0x000000000000016c                ResetISR
                0x00000000000001e4                NMI_Handler
                0x00000000000001ea                HardFault_Handler
                0x00000000000001f0                MemManage_Handler
                0x00000000000001f6                BusFault_Handler
                0x00000000000001fc                UsageFault_Handler
                0x0000000000000208                DebugMon_Handler
                0x000000000000021a                TIMER2_IRQHandler
                0x000000000000021a                RIT_IRQHandler
                0x000000000000021a                I2C0_IRQHandler
                0x000000000000021a                USBActivity_IRQHandler
                0x000000000000021a                PWM1_IRQHandler
                0x000000000000021a                I2C1_IRQHandler
                0x000000000000021a                EINT2_IRQHandler
                0x000000000000021a                UART1_IRQHandler
                0x000000000000021a                EINT3_IRQHandler
                0x000000000000021a                CANActivity_IRQHandler
                0x000000000000021a                TIMER3_IRQHandler
                0x000000000000021a                UART0_IRQHandler
                0x000000000000021a                IntDefaultHandler
                0x000000000000021a                PLL0_IRQHandler
                0x000000000000021a                CAN_IRQHandler
                0x000000000000021a                PLL1_IRQHandler
                0x000000000000021a                SSP0_IRQHandler
                0x000000000000021a                I2S_IRQHandler
                0x000000000000021a                I2C2_IRQHandler
                0x000000000000021a                RTC_IRQHandler
                0x000000000000021a                TIMER0_IRQHandler
                0x000000000000021a                SPI_IRQHandler
                0x000000000000021a                EINT1_IRQHandler
                0x000000000000021a                TIMER1_IRQHandler
                0x000000000000021a                UART2_IRQHandler
                0x000000000000021a                ADC_IRQHandler
                0x000000000000021a                SSP1_IRQHandler
                0x000000000000021a                USB_IRQHandler
                0x000000000000021a                BOD_IRQHandler
                0x000000000000021a                WDT_IRQHandler
                0x000000000000021a                QEI_IRQHandler
                0x000000000000021a                EINT0_IRQHandler
                0x000000000000021a                ETH_IRQHandler
                0x000000000000021a                DMA_IRQHandler
                0x000000000000021a                UART3_IRQHandler
                0x000000000000021a                MCPWM_IRQHandler
 *(.text*)
 .text.prvSetupHardware
                0x0000000000000220       0x28 ./source/src/proj1.o
 .text.vLEDTask1
                0x0000000000000248       0x6c ./source/src/proj1.o
 .text.vLEDTask2
                0x00000000000002b4       0x74 ./source/src/proj1.o
 .text.vLEDTask3
                0x0000000000000328       0x74 ./source/src/proj1.o
 .text.main     0x000000000000039c       0x94 ./source/src/proj1.o
                0x000000000000039c                main
 .text.SystemInit
                0x0000000000000430       0x24 ./source/src/sysinit.o
                0x0000000000000430                SystemInit
 .text.vApplicationIdleHook
                0x0000000000000454        0xe ./freertos/src/FreeRTOSCommonHooks.o
                0x0000000000000454                vApplicationIdleHook
 .text.pvPortMalloc
                0x0000000000000462       0x22 ./freertos/src/heap_3.o
                0x0000000000000462                pvPortMalloc
 .text.vPortFree
                0x0000000000000484       0x24 ./freertos/src/heap_3.o
                0x0000000000000484                vPortFree
 .text.vListInitialise
                0x00000000000004a8       0x3e ./freertos/src/list.o
                0x00000000000004a8                vListInitialise
 .text.vListInitialiseItem
                0x00000000000004e6       0x18 ./freertos/src/list.o
                0x00000000000004e6                vListInitialiseItem
 .text.vListInsertEnd
                0x00000000000004fe       0x46 ./freertos/src/list.o
                0x00000000000004fe                vListInsertEnd
 .text.vListInsert
                0x0000000000000544       0x70 ./freertos/src/list.o
                0x0000000000000544                vListInsert
 .text.uxListRemove
                0x00000000000005b4       0x52 ./freertos/src/list.o
                0x00000000000005b4                uxListRemove
 *fill*         0x0000000000000606        0x2 ff
 .text.pxPortInitialiseStack
                0x0000000000000608       0x54 ./freertos/src/port.o
                0x0000000000000608                pxPortInitialiseStack
 .text.prvTaskExitError
                0x000000000000065c        0xa ./freertos/src/port.o
 *fill*         0x0000000000000666        0x2 ff
 .text.SVC_Handler
                0x0000000000000668       0x24 ./freertos/src/port.o
                0x0000000000000668                SVC_Handler
 .text.prvPortStartFirstTask
                0x000000000000068c       0x18 ./freertos/src/port.o
 .text.xPortStartScheduler
                0x00000000000006a4       0x38 ./freertos/src/port.o
                0x00000000000006a4                xPortStartScheduler
 .text.vPortYield
                0x00000000000006dc       0x20 ./freertos/src/port.o
                0x00000000000006dc                vPortYield
 .text.vPortEnterCritical
                0x00000000000006fc       0x24 ./freertos/src/port.o
                0x00000000000006fc                vPortEnterCritical
 .text.vPortExitCritical
                0x0000000000000720       0x24 ./freertos/src/port.o
                0x0000000000000720                vPortExitCritical
 .text.ulPortSetInterruptMask
                0x0000000000000744       0x12 ./freertos/src/port.o
                0x0000000000000744                ulPortSetInterruptMask
 .text.vPortClearInterruptMask
                0x0000000000000756        0x8 ./freertos/src/port.o
                0x0000000000000756                vPortClearInterruptMask
 *fill*         0x000000000000075e        0x2 ff
 .text.PendSV_Handler
                0x0000000000000760       0x40 ./freertos/src/port.o
                0x0000000000000760                PendSV_Handler
 .text.SysTick_Handler
                0x00000000000007a0       0x28 ./freertos/src/port.o
                0x00000000000007a0                SysTick_Handler
 .text.vPortSuppressTicksAndSleep
                0x00000000000007c8      0x15c ./freertos/src/port.o
                0x00000000000007c8                vPortSuppressTicksAndSleep
 .text.vPortSetupTimerInterrupt
                0x0000000000000924       0x68 ./freertos/src/port.o
                0x0000000000000924                vPortSetupTimerInterrupt
 .text.xQueueCreateMutex
                0x000000000000098c       0x84 ./freertos/src/queue.o
                0x000000000000098c                xQueueCreateMutex
 .text.xQueueGenericSend
                0x0000000000000a10      0x110 ./freertos/src/queue.o
                0x0000000000000a10                xQueueGenericSend
 .text.xQueueGenericReceive
                0x0000000000000b20      0x16c ./freertos/src/queue.o
                0x0000000000000b20                xQueueGenericReceive
 .text.prvCopyDataToQueue
                0x0000000000000c8c       0xce ./freertos/src/queue.o
 .text.prvCopyDataFromQueue
                0x0000000000000d5a       0x4c ./freertos/src/queue.o
 .text.prvUnlockQueue
                0x0000000000000da6       0x98 ./freertos/src/queue.o
 .text.prvIsQueueEmpty
                0x0000000000000e3e       0x2c ./freertos/src/queue.o
 .text.prvIsQueueFull
                0x0000000000000e6a       0x30 ./freertos/src/queue.o
 *fill*         0x0000000000000e9a        0x2 ff
 .text.xTaskGenericCreate
                0x0000000000000e9c      0x140 ./freertos/src/tasks.o
                0x0000000000000e9c                xTaskGenericCreate
 .text.vTaskDelay
                0x0000000000000fdc       0x54 ./freertos/src/tasks.o
                0x0000000000000fdc                vTaskDelay
 .text.vTaskStartScheduler
                0x0000000000001030       0x58 ./freertos/src/tasks.o
                0x0000000000001030                vTaskStartScheduler
 .text.vTaskSuspendAll
                0x0000000000001088       0x1c ./freertos/src/tasks.o
                0x0000000000001088                vTaskSuspendAll
 .text.prvGetExpectedIdleTime
                0x00000000000010a4       0x4c ./freertos/src/tasks.o
 .text.xTaskResumeAll
                0x00000000000010f0       0xfc ./freertos/src/tasks.o
                0x00000000000010f0                xTaskResumeAll
 .text.vTaskStepTick
                0x00000000000011ec       0x24 ./freertos/src/tasks.o
                0x00000000000011ec                vTaskStepTick
 .text.xTaskIncrementTick
                0x0000000000001210      0x18c ./freertos/src/tasks.o
                0x0000000000001210                xTaskIncrementTick
 .text.vTaskSwitchContext
                0x000000000000139c       0x98 ./freertos/src/tasks.o
                0x000000000000139c                vTaskSwitchContext
 .text.vTaskPlaceOnEventList
                0x0000000000001434       0x60 ./freertos/src/tasks.o
                0x0000000000001434                vTaskPlaceOnEventList
 .text.xTaskRemoveFromEventList
                0x0000000000001494       0xac ./freertos/src/tasks.o
                0x0000000000001494                xTaskRemoveFromEventList
 .text.vTaskSetTimeOutState
                0x0000000000001540       0x2c ./freertos/src/tasks.o
                0x0000000000001540                vTaskSetTimeOutState
 .text.xTaskCheckForTimeOut
                0x000000000000156c       0x88 ./freertos/src/tasks.o
                0x000000000000156c                xTaskCheckForTimeOut
 .text.vTaskMissedYield
                0x00000000000015f4       0x18 ./freertos/src/tasks.o
                0x00000000000015f4                vTaskMissedYield
 .text.prvIdleTask
                0x000000000000160c       0x48 ./freertos/src/tasks.o
 .text.eTaskConfirmSleepModeStatus
                0x0000000000001654       0x5c ./freertos/src/tasks.o
                0x0000000000001654                eTaskConfirmSleepModeStatus
 .text.prvInitialiseTCBVariables
                0x00000000000016b0       0x98 ./freertos/src/tasks.o
 .text.prvInitialiseTaskLists
                0x0000000000001748       0x80 ./freertos/src/tasks.o
 .text.prvCheckTasksWaitingTermination
                0x00000000000017c8       0x78 ./freertos/src/tasks.o
 .text.prvAddCurrentTaskToDelayedList
                0x0000000000001840       0x6c ./freertos/src/tasks.o
 .text.prvAllocateTCBAndStack
                0x00000000000018ac       0x62 ./freertos/src/tasks.o
 .text.prvDeleteTCB
                0x000000000000190e       0x20 ./freertos/src/tasks.o
 *fill*         0x000000000000192e        0x2 ff
 .text.xTaskGetCurrentTaskHandle
                0x0000000000001930       0x1c ./freertos/src/tasks.o
                0x0000000000001930                xTaskGetCurrentTaskHandle
 .text.vTaskPriorityInherit
                0x000000000000194c       0xb4 ./freertos/src/tasks.o
                0x000000000000194c                vTaskPriorityInherit
 .text.vTaskPriorityDisinherit
                0x0000000000001a00       0x7c ./freertos/src/tasks.o
                0x0000000000001a00                vTaskPriorityDisinherit
 .text.Chip_IOCON_Init
                0x0000000000001a7c       0x16 /home/bibin/Documents/MCUXpresso_10.3.1_2233/workspace/lpc_board_nxp_lpcxpresso_1769/Debug/liblpc_board_nxp_lpcxpresso_1769.a(board.o)
 .text.Chip_GPIO_Init
                0x0000000000001a92       0x16 /home/bibin/Documents/MCUXpresso_10.3.1_2233/workspace/lpc_board_nxp_lpcxpresso_1769/Debug/liblpc_board_nxp_lpcxpresso_1769.a(board.o)
 .text.Chip_GPIO_SetPinState
                0x0000000000001aa8       0x64 /home/bibin/Documents/MCUXpresso_10.3.1_2233/workspace/lpc_board_nxp_lpcxpresso_1769/Debug/liblpc_board_nxp_lpcxpresso_1769.a(board.o)
 .text.Chip_GPIO_WritePortBit
                0x0000000000001b0c       0x2c /home/bibin/Documents/MCUXpresso_10.3.1_2233/workspace/lpc_board_nxp_lpcxpresso_1769/Debug/liblpc_board_nxp_lpcxpresso_1769.a(board.o)
 .text.Chip_GPIO_SetPinDIROutput
                0x0000000000001b38       0x36 /home/bibin/Documents/MCUXpresso_10.3.1_2233/workspace/lpc_board_nxp_lpcxpresso_1769/Debug/liblpc_board_nxp_lpcxpresso_1769.a(board.o)
 .text.Chip_GPIO_SetPinDIRInput
                0x0000000000001b6e       0x3a /home/bibin/Documents/MCUXpresso_10.3.1_2233/workspace/lpc_board_nxp_lpcxpresso_1769/Debug/liblpc_board_nxp_lpcxpresso_1769.a(board.o)
 .text.Chip_GPIO_SetPinDIR
                0x0000000000001ba8       0x42 /home/bibin/Documents/MCUXpresso_10.3.1_2233/workspace/lpc_board_nxp_lpcxpresso_1769/Debug/liblpc_board_nxp_lpcxpresso_1769.a(board.o)
 .text.Chip_GPIO_WriteDirBit
                0x0000000000001bea       0x2e /home/bibin/Documents/MCUXpresso_10.3.1_2233/workspace/lpc_board_nxp_lpcxpresso_1769/Debug/liblpc_board_nxp_lpcxpresso_1769.a(board.o)
 .text.Chip_UART_SendByte
                0x0000000000001c18       0x1c /home/bibin/Documents/MCUXpresso_10.3.1_2233/workspace/lpc_board_nxp_lpcxpresso_1769/Debug/liblpc_board_nxp_lpcxpresso_1769.a(board.o)
 .text.Chip_UART_ConfigData
                0x0000000000001c34       0x1a /home/bibin/Documents/MCUXpresso_10.3.1_2233/workspace/lpc_board_nxp_lpcxpresso_1769/Debug/liblpc_board_nxp_lpcxpresso_1769.a(board.o)
 .text.Chip_UART_ReadLineStatus
                0x0000000000001c4e       0x16 /home/bibin/Documents/MCUXpresso_10.3.1_2233/workspace/lpc_board_nxp_lpcxpresso_1769/Debug/liblpc_board_nxp_lpcxpresso_1769.a(board.o)
 .text.__sys_write
                0x0000000000001c64       0x38 /home/bibin/Documents/MCUXpresso_10.3.1_2233/workspace/lpc_board_nxp_lpcxpresso_1769/Debug/liblpc_board_nxp_lpcxpresso_1769.a(board.o)
                0x0000000000001c64                __sys_write
 .text.Board_LED_Init
                0x0000000000001c9c       0x30 /home/bibin/Documents/MCUXpresso_10.3.1_2233/workspace/lpc_board_nxp_lpcxpresso_1769/Debug/liblpc_board_nxp_lpcxpresso_1769.a(board.o)
 .text.Board_UART_Init
                0x0000000000001ccc       0x12 /home/bibin/Documents/MCUXpresso_10.3.1_2233/workspace/lpc_board_nxp_lpcxpresso_1769/Debug/liblpc_board_nxp_lpcxpresso_1769.a(board.o)
                0x0000000000001ccc                Board_UART_Init
 *fill*         0x0000000000001cde        0x2 ff
 .text.Board_Debug_Init
                0x0000000000001ce0       0x30 /home/bibin/Documents/MCUXpresso_10.3.1_2233/workspace/lpc_board_nxp_lpcxpresso_1769/Debug/liblpc_board_nxp_lpcxpresso_1769.a(board.o)
                0x0000000000001ce0                Board_Debug_Init
 .text.Board_UARTPutChar
                0x0000000000001d10       0x34 /home/bibin/Documents/MCUXpresso_10.3.1_2233/workspace/lpc_board_nxp_lpcxpresso_1769/Debug/liblpc_board_nxp_lpcxpresso_1769.a(board.o)
                0x0000000000001d10                Board_UARTPutChar
 .text.Board_LED_Set
                0x0000000000001d44       0x58 /home/bibin/Documents/MCUXpresso_10.3.1_2233/workspace/lpc_board_nxp_lpcxpresso_1769/Debug/liblpc_board_nxp_lpcxpresso_1769.a(board.o)
                0x0000000000001d44                Board_LED_Set
 .text.Board_Init
                0x0000000000001d9c       0x24 /home/bibin/Documents/MCUXpresso_10.3.1_2233/workspace/lpc_board_nxp_lpcxpresso_1769/Debug/liblpc_board_nxp_lpcxpresso_1769.a(board.o)
                0x0000000000001d9c                Board_Init
 .text.Chip_SYSCTL_SetFLASHAccess
                0x0000000000001dc0       0x30 /home/bibin/Documents/MCUXpresso_10.3.1_2233/workspace/lpc_board_nxp_lpcxpresso_1769/Debug/liblpc_board_nxp_lpcxpresso_1769.a(board_sysinit.o)
 .text.Board_SetupMuxing
                0x0000000000001df0       0x1c /home/bibin/Documents/MCUXpresso_10.3.1_2233/workspace/lpc_board_nxp_lpcxpresso_1769/Debug/liblpc_board_nxp_lpcxpresso_1769.a(board_sysinit.o)
                0x0000000000001df0                Board_SetupMuxing
 .text.Board_SetupClocking
                0x0000000000001e0c       0x12 /home/bibin/Documents/MCUXpresso_10.3.1_2233/workspace/lpc_board_nxp_lpcxpresso_1769/Debug/liblpc_board_nxp_lpcxpresso_1769.a(board_sysinit.o)
                0x0000000000001e0c                Board_SetupClocking
 .text.Board_SystemInit
                0x0000000000001e1e       0x10 /home/bibin/Documents/MCUXpresso_10.3.1_2233/workspace/lpc_board_nxp_lpcxpresso_1769/Debug/liblpc_board_nxp_lpcxpresso_1769.a(board_sysinit.o)
                0x0000000000001e1e                Board_SystemInit
 *fill*         0x0000000000001e2e        0x2 ff
 .text.SystemCoreClockUpdate
                0x0000000000001e30       0x18 /home/bibin/Documents/MCUXpresso_10.3.1_2233/workspace/lpc_chip_175x_6x/Debug/liblpc_chip_175x_6x.a(chip_17xx_40xx.o)
                0x0000000000001e30                SystemCoreClockUpdate
 .text.Chip_Clock_IsMainPLLEnabled
                0x0000000000001e48       0x24 /home/bibin/Documents/MCUXpresso_10.3.1_2233/workspace/lpc_chip_175x_6x/Debug/liblpc_chip_175x_6x.a(clock_17xx_40xx.o)
 .text.Chip_Clock_IsMainPLLConnected
                0x0000000000001e6c       0x24 /home/bibin/Documents/MCUXpresso_10.3.1_2233/workspace/lpc_chip_175x_6x/Debug/liblpc_chip_175x_6x.a(clock_17xx_40xx.o)
 .text.Chip_Clock_FeedPLL
                0x0000000000001e90       0x34 /home/bibin/Documents/MCUXpresso_10.3.1_2233/workspace/lpc_chip_175x_6x/Debug/liblpc_chip_175x_6x.a(clock_17xx_40xx.o)
 .text.Chip_Clock_GetMainPLLSource
                0x0000000000001ec4       0x20 /home/bibin/Documents/MCUXpresso_10.3.1_2233/workspace/lpc_chip_175x_6x/Debug/liblpc_chip_175x_6x.a(clock_17xx_40xx.o)
 .text.Chip_Clock_GetMainOscRate
                0x0000000000001ee4       0x14 /home/bibin/Documents/MCUXpresso_10.3.1_2233/workspace/lpc_chip_175x_6x/Debug/liblpc_chip_175x_6x.a(clock_17xx_40xx.o)
 .text.Chip_Clock_GetIntOscRate
                0x0000000000001ef8       0x14 /home/bibin/Documents/MCUXpresso_10.3.1_2233/workspace/lpc_chip_175x_6x/Debug/liblpc_chip_175x_6x.a(clock_17xx_40xx.o)
 .text.Chip_Clock_GetRTCOscRate
                0x0000000000001f0c       0x14 /home/bibin/Documents/MCUXpresso_10.3.1_2233/workspace/lpc_chip_175x_6x/Debug/liblpc_chip_175x_6x.a(clock_17xx_40xx.o)
 .text.Chip_Clock_GetMainPLLInClockRate
                0x0000000000001f20        0xe /home/bibin/Documents/MCUXpresso_10.3.1_2233/workspace/lpc_chip_175x_6x/Debug/liblpc_chip_175x_6x.a(clock_17xx_40xx.o)
 *fill*         0x0000000000001f2e        0x2 ff
 .text.Chip_Clock_EnablePLL
                0x0000000000001f30       0x44 /home/bibin/Documents/MCUXpresso_10.3.1_2233/workspace/lpc_chip_175x_6x/Debug/liblpc_chip_175x_6x.a(clock_17xx_40xx.o)
                0x0000000000001f30                Chip_Clock_EnablePLL
 .text.Chip_Clock_DisablePLL
                0x0000000000001f74       0x48 /home/bibin/Documents/MCUXpresso_10.3.1_2233/workspace/lpc_chip_175x_6x/Debug/liblpc_chip_175x_6x.a(clock_17xx_40xx.o)
                0x0000000000001f74                Chip_Clock_DisablePLL
 .text.Chip_Clock_SetupPLL
                0x0000000000001fbc       0x5c /home/bibin/Documents/MCUXpresso_10.3.1_2233/workspace/lpc_chip_175x_6x/Debug/liblpc_chip_175x_6x.a(clock_17xx_40xx.o)
                0x0000000000001fbc                Chip_Clock_SetupPLL
 .text.Chip_Clock_EnablePeriphClock
                0x0000000000002018       0x34 /home/bibin/Documents/MCUXpresso_10.3.1_2233/workspace/lpc_chip_175x_6x/Debug/liblpc_chip_175x_6x.a(clock_17xx_40xx.o)
                0x0000000000002018                Chip_Clock_EnablePeriphClock
 .text.Chip_Clock_GetCPUClockSource
                0x000000000000204c       0x24 /home/bibin/Documents/MCUXpresso_10.3.1_2233/workspace/lpc_chip_175x_6x/Debug/liblpc_chip_175x_6x.a(clock_17xx_40xx.o)
                0x000000000000204c                Chip_Clock_GetCPUClockSource
 .text.Chip_Clock_SetCPUClockDiv
                0x0000000000002070       0x20 /home/bibin/Documents/MCUXpresso_10.3.1_2233/workspace/lpc_chip_175x_6x/Debug/liblpc_chip_175x_6x.a(clock_17xx_40xx.o)
                0x0000000000002070                Chip_Clock_SetCPUClockDiv
 .text.Chip_Clock_GetCPUClockDiv
                0x0000000000002090       0x1c /home/bibin/Documents/MCUXpresso_10.3.1_2233/workspace/lpc_chip_175x_6x/Debug/liblpc_chip_175x_6x.a(clock_17xx_40xx.o)
                0x0000000000002090                Chip_Clock_GetCPUClockDiv
 .text.Chip_Clock_GetPCLKDiv
                0x00000000000020ac       0x8c /home/bibin/Documents/MCUXpresso_10.3.1_2233/workspace/lpc_chip_175x_6x/Debug/liblpc_chip_175x_6x.a(clock_17xx_40xx.o)
                0x00000000000020ac                Chip_Clock_GetPCLKDiv
 .text.Chip_Clock_GetSYSCLKRate
                0x0000000000002138       0x34 /home/bibin/Documents/MCUXpresso_10.3.1_2233/workspace/lpc_chip_175x_6x/Debug/liblpc_chip_175x_6x.a(clock_17xx_40xx.o)
                0x0000000000002138                Chip_Clock_GetSYSCLKRate
 .text.Chip_Clock_GetMainPLLOutClockRate
                0x000000000000216c       0x54 /home/bibin/Documents/MCUXpresso_10.3.1_2233/workspace/lpc_chip_175x_6x/Debug/liblpc_chip_175x_6x.a(clock_17xx_40xx.o)
                0x000000000000216c                Chip_Clock_GetMainPLLOutClockRate
 .text.Chip_Clock_GetMainClockRate
                0x00000000000021c0       0x28 /home/bibin/Documents/MCUXpresso_10.3.1_2233/workspace/lpc_chip_175x_6x/Debug/liblpc_chip_175x_6x.a(clock_17xx_40xx.o)
                0x00000000000021c0                Chip_Clock_GetMainClockRate
 .text.Chip_Clock_GetSystemClockRate
                0x00000000000021e8       0x18 /home/bibin/Documents/MCUXpresso_10.3.1_2233/workspace/lpc_chip_175x_6x/Debug/liblpc_chip_175x_6x.a(clock_17xx_40xx.o)
                0x00000000000021e8                Chip_Clock_GetSystemClockRate
 .text.Chip_Clock_GetPeripheralClockRate
                0x0000000000002200       0x26 /home/bibin/Documents/MCUXpresso_10.3.1_2233/workspace/lpc_chip_175x_6x/Debug/liblpc_chip_175x_6x.a(clock_17xx_40xx.o)
                0x0000000000002200                Chip_Clock_GetPeripheralClockRate
 .text.Chip_IOCON_PinMuxSet
                0x0000000000002226       0x36 /home/bibin/Documents/MCUXpresso_10.3.1_2233/workspace/lpc_chip_175x_6x/Debug/liblpc_chip_175x_6x.a(iocon_17xx_40xx.o)
                0x0000000000002226                Chip_IOCON_PinMuxSet
 .text.Chip_IOCON_PinMux
                0x000000000000225c       0x94 /home/bibin/Documents/MCUXpresso_10.3.1_2233/workspace/lpc_chip_175x_6x/Debug/liblpc_chip_175x_6x.a(iocon_17xx_40xx.o)
                0x000000000000225c                Chip_IOCON_PinMux
 .text.Chip_IOCON_SetPinMuxing
                0x00000000000022f0       0x62 /home/bibin/Documents/MCUXpresso_10.3.1_2233/workspace/lpc_chip_175x_6x/Debug/liblpc_chip_175x_6x.a(iocon_17xx_40xx.o)
                0x00000000000022f0                Chip_IOCON_SetPinMuxing
 *fill*         0x0000000000002352        0x2 ff
 .text.Chip_Clock_IsMainPLLEnabled
                0x0000000000002354       0x24 /home/bibin/Documents/MCUXpresso_10.3.1_2233/workspace/lpc_chip_175x_6x/Debug/liblpc_chip_175x_6x.a(sysinit_17xx_40xx.o)
 .text.Chip_Clock_IsMainPLLLocked
                0x0000000000002378       0x24 /home/bibin/Documents/MCUXpresso_10.3.1_2233/workspace/lpc_chip_175x_6x/Debug/liblpc_chip_175x_6x.a(sysinit_17xx_40xx.o)
 .text.Chip_Clock_IsMainPLLConnected
                0x000000000000239c       0x24 /home/bibin/Documents/MCUXpresso_10.3.1_2233/workspace/lpc_chip_175x_6x/Debug/liblpc_chip_175x_6x.a(sysinit_17xx_40xx.o)
 .text.Chip_Clock_EnableCrystal
                0x00000000000023c0       0x20 /home/bibin/Documents/MCUXpresso_10.3.1_2233/workspace/lpc_chip_175x_6x/Debug/liblpc_chip_175x_6x.a(sysinit_17xx_40xx.o)
 .text.Chip_Clock_IsCrystalEnabled
                0x00000000000023e0       0x24 /home/bibin/Documents/MCUXpresso_10.3.1_2233/workspace/lpc_chip_175x_6x/Debug/liblpc_chip_175x_6x.a(sysinit_17xx_40xx.o)
 .text.Chip_Clock_SetMainPLLSource
                0x0000000000002404       0x20 /home/bibin/Documents/MCUXpresso_10.3.1_2233/workspace/lpc_chip_175x_6x/Debug/liblpc_chip_175x_6x.a(sysinit_17xx_40xx.o)
 .text.Chip_SetupXtalClocking
                0x0000000000002424       0x90 /home/bibin/Documents/MCUXpresso_10.3.1_2233/workspace/lpc_chip_175x_6x/Debug/liblpc_chip_175x_6x.a(sysinit_17xx_40xx.o)
                0x0000000000002424                Chip_SetupXtalClocking
 .text.Chip_UART_SetupFIFOS
                0x00000000000024b4       0x1a /home/bibin/Documents/MCUXpresso_10.3.1_2233/workspace/lpc_chip_175x_6x/Debug/liblpc_chip_175x_6x.a(uart_17xx_40xx.o)
 .text.Chip_UART_ConfigData
                0x00000000000024ce       0x1a /home/bibin/Documents/MCUXpresso_10.3.1_2233/workspace/lpc_chip_175x_6x/Debug/liblpc_chip_175x_6x.a(uart_17xx_40xx.o)
 .text.Chip_UART_EnableDivisorAccess
                0x00000000000024e8       0x1e /home/bibin/Documents/MCUXpresso_10.3.1_2233/workspace/lpc_chip_175x_6x/Debug/liblpc_chip_175x_6x.a(uart_17xx_40xx.o)
 .text.Chip_UART_DisableDivisorAccess
                0x0000000000002506       0x1e /home/bibin/Documents/MCUXpresso_10.3.1_2233/workspace/lpc_chip_175x_6x/Debug/liblpc_chip_175x_6x.a(uart_17xx_40xx.o)
 .text.Chip_UART_SetDivisorLatches
                0x0000000000002524       0x26 /home/bibin/Documents/MCUXpresso_10.3.1_2233/workspace/lpc_chip_175x_6x/Debug/liblpc_chip_175x_6x.a(uart_17xx_40xx.o)
 *fill*         0x000000000000254a        0x2 ff
 .text.Chip_UART_GetClockIndex
                0x000000000000254c       0x50 /home/bibin/Documents/MCUXpresso_10.3.1_2233/workspace/lpc_chip_175x_6x/Debug/liblpc_chip_175x_6x.a(uart_17xx_40xx.o)
 .text.Chip_UART_GetClkIndex
                0x000000000000259c       0x50 /home/bibin/Documents/MCUXpresso_10.3.1_2233/workspace/lpc_chip_175x_6x/Debug/liblpc_chip_175x_6x.a(uart_17xx_40xx.o)
 .text.Chip_UART_Init
                0x00000000000025ec       0x78 /home/bibin/Documents/MCUXpresso_10.3.1_2233/workspace/lpc_chip_175x_6x/Debug/liblpc_chip_175x_6x.a(uart_17xx_40xx.o)
                0x00000000000025ec                Chip_UART_Init
 .text.Chip_UART_TXEnable
                0x0000000000002664       0x18 /home/bibin/Documents/MCUXpresso_10.3.1_2233/workspace/lpc_chip_175x_6x/Debug/liblpc_chip_175x_6x.a(uart_17xx_40xx.o)
                0x0000000000002664                Chip_UART_TXEnable
 .text.Chip_UART_TXDisable
                0x000000000000267c       0x18 /home/bibin/Documents/MCUXpresso_10.3.1_2233/workspace/lpc_chip_175x_6x/Debug/liblpc_chip_175x_6x.a(uart_17xx_40xx.o)
                0x000000000000267c                Chip_UART_TXDisable
 .text.Chip_UART_SetBaud
                0x0000000000002694       0x62 /home/bibin/Documents/MCUXpresso_10.3.1_2233/workspace/lpc_chip_175x_6x/Debug/liblpc_chip_175x_6x.a(uart_17xx_40xx.o)
                0x0000000000002694                Chip_UART_SetBaud
 .text.__main   0x00000000000026f6        0xe /usr/local/mcuxpressoide-10.3.1_2233/ide/plugins/com.nxp.mcuxpresso.tools.linux_10.3.0.201811011841/tools/bin/../lib/gcc/arm-none-eabi/7.3.1/../../../../arm-none-eabi/lib/thumb/v7-m/libcr_nohost.a(_cr__main.o)
                0x00000000000026f6                __main
 .text.memcpy   0x0000000000002704        0x4 /usr/local/mcuxpressoide-10.3.1_2233/ide/plugins/com.nxp.mcuxpresso.tools.linux_10.3.0.201811011841/tools/bin/../lib/gcc/arm-none-eabi/7.3.1/../../../../arm-none-eabi/lib/thumb/v7-m/libcr_c.a(memcpy.o)
                0x0000000000002704                memcpy
 .text.memset   0x0000000000002708        0x4 /usr/local/mcuxpressoide-10.3.1_2233/ide/plugins/com.nxp.mcuxpresso.tools.linux_10.3.0.201811011841/tools/bin/../lib/gcc/arm-none-eabi/7.3.1/../../../../arm-none-eabi/lib/thumb/v7-m/libcr_c.a(memset.o)
                0x0000000000002708                memset
 .text.malloc   0x000000000000270c       0xc8 /usr/local/mcuxpressoide-10.3.1_2233/ide/plugins/com.nxp.mcuxpresso.tools.linux_10.3.0.201811011841/tools/bin/../lib/gcc/arm-none-eabi/7.3.1/../../../../arm-none-eabi/lib/thumb/v7-m/libcr_c.a(alloc.o)
                0x000000000000270c                malloc
 .text.free     0x00000000000027d4       0x30 /usr/local/mcuxpressoide-10.3.1_2233/ide/plugins/com.nxp.mcuxpresso.tools.linux_10.3.0.201811011841/tools/bin/../lib/gcc/arm-none-eabi/7.3.1/../../../../arm-none-eabi/lib/thumb/v7-m/libcr_c.a(alloc.o)
                0x00000000000027d4                free
 .text._initio  0x0000000000002804       0x78 /usr/local/mcuxpressoide-10.3.1_2233/ide/plugins/com.nxp.mcuxpresso.tools.linux_10.3.0.201811011841/tools/bin/../lib/gcc/arm-none-eabi/7.3.1/../../../../arm-none-eabi/lib/thumb/v7-m/libcr_c.a(initio.o)
                0x0000000000002804                _initio
 .text.setvbuf  0x000000000000287c       0x40 /usr/local/mcuxpressoide-10.3.1_2233/ide/plugins/com.nxp.mcuxpresso.tools.linux_10.3.0.201811011841/tools/bin/../lib/gcc/arm-none-eabi/7.3.1/../../../../arm-none-eabi/lib/thumb/v7-m/libcr_c.a(setvbuf.o)
                0x000000000000287c                setvbuf
 .text.strlen   0x00000000000028bc       0x4a /usr/local/mcuxpressoide-10.3.1_2233/ide/plugins/com.nxp.mcuxpresso.tools.linux_10.3.0.201811011841/tools/bin/../lib/gcc/arm-none-eabi/7.3.1/../../../../arm-none-eabi/lib/thumb/v7-m/libcr_c.a(strlen.o)
                0x00000000000028bc                strlen
 *fill*         0x0000000000002906        0x2 ff
 .text._sbrk    0x0000000000002908       0x3c /usr/local/mcuxpressoide-10.3.1_2233/ide/plugins/com.nxp.mcuxpresso.tools.linux_10.3.0.201811011841/tools/bin/../lib/gcc/arm-none-eabi/7.3.1/../../../../arm-none-eabi/lib/thumb/v7-m/libcr_c.a(_cr_sbrk.o)
                0x0000000000002908                _sbrk
 .text._deferredlazyseek
                0x0000000000002944       0x40 /usr/local/mcuxpressoide-10.3.1_2233/ide/plugins/com.nxp.mcuxpresso.tools.linux_10.3.0.201811011841/tools/bin/../lib/gcc/arm-none-eabi/7.3.1/../../../../arm-none-eabi/lib/thumb/v7-m/libcr_c.a(_deferredlazyseek.o)
                0x0000000000002944                _deferredlazyseek
 .text._fdopen  0x0000000000002984       0x68 /usr/local/mcuxpressoide-10.3.1_2233/ide/plugins/com.nxp.mcuxpresso.tools.linux_10.3.0.201811011841/tools/bin/../lib/gcc/arm-none-eabi/7.3.1/../../../../arm-none-eabi/lib/thumb/v7-m/libcr_c.a(_fdopen.o)
                0x0000000000002984                _fdopen
 .text._fflush  0x00000000000029ec       0x52 /usr/local/mcuxpressoide-10.3.1_2233/ide/plugins/com.nxp.mcuxpresso.tools.linux_10.3.0.201811011841/tools/bin/../lib/gcc/arm-none-eabi/7.3.1/../../../../arm-none-eabi/lib/thumb/v7-m/libcr_c.a(_fflush.o)
                0x00000000000029ec                _fflush
 *fill*         0x0000000000002a3e        0x2 ff
 .text._Cwritebuf
                0x0000000000002a40       0x6c /usr/local/mcuxpressoide-10.3.1_2233/ide/plugins/com.nxp.mcuxpresso.tools.linux_10.3.0.201811011841/tools/bin/../lib/gcc/arm-none-eabi/7.3.1/../../../../arm-none-eabi/lib/thumb/v7-m/libcr_c.a(_writebuf.o)
                0x0000000000002a40                _Cwritebuf
 .text.fclose   0x0000000000002aac       0x58 /usr/local/mcuxpressoide-10.3.1_2233/ide/plugins/com.nxp.mcuxpresso.tools.linux_10.3.0.201811011841/tools/bin/../lib/gcc/arm-none-eabi/7.3.1/../../../../arm-none-eabi/lib/thumb/v7-m/libcr_c.a(fclose.o)
                0x0000000000002aac                fclose
 .text.fflush   0x0000000000002b04       0x44 /usr/local/mcuxpressoide-10.3.1_2233/ide/plugins/com.nxp.mcuxpresso.tools.linux_10.3.0.201811011841/tools/bin/../lib/gcc/arm-none-eabi/7.3.1/../../../../arm-none-eabi/lib/thumb/v7-m/libcr_c.a(fflush.o)
                0x0000000000002b04                fflush
 .text.fseek    0x0000000000002b48      0x100 /usr/local/mcuxpressoide-10.3.1_2233/ide/plugins/com.nxp.mcuxpresso.tools.linux_10.3.0.201811011841/tools/bin/../lib/gcc/arm-none-eabi/7.3.1/../../../../arm-none-eabi/lib/thumb/v7-m/libcr_c.a(fseek.o)
                0x0000000000002b48                fseek
 .text.ftell    0x0000000000002c48       0x44 /usr/local/mcuxpressoide-10.3.1_2233/ide/plugins/com.nxp.mcuxpresso.tools.linux_10.3.0.201811011841/tools/bin/../lib/gcc/arm-none-eabi/7.3.1/../../../../arm-none-eabi/lib/thumb/v7-m/libcr_c.a(ftell.o)
                0x0000000000002c48                ftell
 .text.remove   0x0000000000002c8c       0x14 /usr/local/mcuxpressoide-10.3.1_2233/ide/plugins/com.nxp.mcuxpresso.tools.linux_10.3.0.201811011841/tools/bin/../lib/gcc/arm-none-eabi/7.3.1/../../../../arm-none-eabi/lib/thumb/v7-m/libcr_c.a(remove.o)
                0x0000000000002c8c                remove
 .text.__check_heap_overflow
                0x0000000000002ca0       0x18 /usr/local/mcuxpressoide-10.3.1_2233/ide/plugins/com.nxp.mcuxpresso.tools.linux_10.3.0.201811011841/tools/bin/../lib/gcc/arm-none-eabi/7.3.1/../../../../arm-none-eabi/lib/thumb/v7-m/libcr_c.a(_cr_check_heap.o)
                0x0000000000002ca0                __check_heap_overflow
 .text._do_fflush
                0x0000000000002cb8       0x40 /usr/local/mcuxpressoide-10.3.1_2233/ide/plugins/com.nxp.mcuxpresso.tools.linux_10.3.0.201811011841/tools/bin/../lib/gcc/arm-none-eabi/7.3.1/../../../../arm-none-eabi/lib/thumb/v7-m/libcr_c.a(_do_fflush.o)
                0x0000000000002cb8                _do_fflush
 .text.__aeabi_memcpy
                0x0000000000002cf8       0x34 /usr/local/mcuxpressoide-10.3.1_2233/ide/plugins/com.nxp.mcuxpresso.tools.linux_10.3.0.201811011841/tools/bin/../lib/gcc/arm-none-eabi/7.3.1/thumb/v7-m/libcr_eabihelpers.a(memcpy.o)
                0x0000000000002cf8                __aeabi_memcpy
                0x0000000000002d02                __aeabi_memcpy4
                0x0000000000002d02                __aeabi_memcpy8
 .text.__aeabi_memset_lowlevel
                0x0000000000002d2c       0x32 /usr/local/mcuxpressoide-10.3.1_2233/ide/plugins/com.nxp.mcuxpresso.tools.linux_10.3.0.201811011841/tools/bin/../lib/gcc/arm-none-eabi/7.3.1/thumb/v7-m/libcr_eabihelpers.a(memcpy.o)
                0x0000000000002d2c                __aeabi_lowlevel_memset
 .text.__sys_close
                0x0000000000002d5e        0x6 /usr/local/mcuxpressoide-10.3.1_2233/ide/plugins/com.nxp.mcuxpresso.tools.linux_10.3.0.201811011841/tools/bin/../lib/gcc/arm-none-eabi/7.3.1/../../../../arm-none-eabi/lib/thumb/v7-m/libcr_nohost.a(__sys_close.o)
                0x0000000000002d5e                __sys_close
 .text.__sys_flen
                0x0000000000002d64        0x6 /usr/local/mcuxpressoide-10.3.1_2233/ide/plugins/com.nxp.mcuxpresso.tools.linux_10.3.0.201811011841/tools/bin/../lib/gcc/arm-none-eabi/7.3.1/../../../../arm-none-eabi/lib/thumb/v7-m/libcr_nohost.a(__sys_flen.o)
                0x0000000000002d64                __sys_flen
 .text.__sys_istty
                0x0000000000002d6a        0x6 /usr/local/mcuxpressoide-10.3.1_2233/ide/plugins/com.nxp.mcuxpresso.tools.linux_10.3.0.201811011841/tools/bin/../lib/gcc/arm-none-eabi/7.3.1/../../../../arm-none-eabi/lib/thumb/v7-m/libcr_nohost.a(__sys_istty.o)
                0x0000000000002d6a                __sys_istty
 .text.__sys_remove
                0x0000000000002d70        0x6 /usr/local/mcuxpressoide-10.3.1_2233/ide/plugins/com.nxp.mcuxpresso.tools.linux_10.3.0.201811011841/tools/bin/../lib/gcc/arm-none-eabi/7.3.1/../../../../arm-none-eabi/lib/thumb/v7-m/libcr_nohost.a(__sys_remove.o)
                0x0000000000002d70                __sys_remove
 .text.__sys_seek
                0x0000000000002d76        0x6 /usr/local/mcuxpressoide-10.3.1_2233/ide/plugins/com.nxp.mcuxpresso.tools.linux_10.3.0.201811011841/tools/bin/../lib/gcc/arm-none-eabi/7.3.1/../../../../arm-none-eabi/lib/thumb/v7-m/libcr_nohost.a(__sys_seek.o)
                0x0000000000002d76                __sys_seek
 .text.__sys_tmpnam
                0x0000000000002d7c        0x6 /usr/local/mcuxpressoide-10.3.1_2233/ide/plugins/com.nxp.mcuxpresso.tools.linux_10.3.0.201811011841/tools/bin/../lib/gcc/arm-none-eabi/7.3.1/../../../../arm-none-eabi/lib/thumb/v7-m/libcr_nohost.a(__sys_tmpnam.o)
                0x0000000000002d7c                __sys_tmpnam
 *(.rodata .rodata.* .constdata .constdata.*)
 *fill*         0x0000000000002d82        0x2 ff
 .rodata        0x0000000000002d84       0x22 ./source/src/proj1.o
 *fill*         0x0000000000002da6        0x2 ff
 .rodata        0x0000000000002da8        0x5 ./freertos/src/tasks.o
 *fill*         0x0000000000002dad        0x3 ff
 .rodata.OscRateIn
                0x0000000000002db0        0x4 /home/bibin/Documents/MCUXpresso_10.3.1_2233/workspace/lpc_board_nxp_lpcxpresso_1769/Debug/liblpc_board_nxp_lpcxpresso_1769.a(board.o)
                0x0000000000002db0                OscRateIn
 .rodata.RTCOscRateIn
                0x0000000000002db4        0x4 /home/bibin/Documents/MCUXpresso_10.3.1_2233/workspace/lpc_board_nxp_lpcxpresso_1769/Debug/liblpc_board_nxp_lpcxpresso_1769.a(board.o)
                0x0000000000002db4                RTCOscRateIn
 .rodata.pinmuxing
                0x0000000000002db8       0x5c /home/bibin/Documents/MCUXpresso_10.3.1_2233/workspace/lpc_board_nxp_lpcxpresso_1769/Debug/liblpc_board_nxp_lpcxpresso_1769.a(board_sysinit.o)
 .rodata._initio.str1.1
                0x0000000000002e14        0x4 /usr/local/mcuxpressoide-10.3.1_2233/ide/plugins/com.nxp.mcuxpresso.tools.linux_10.3.0.201811011841/tools/bin/../lib/gcc/arm-none-eabi/7.3.1/../../../../arm-none-eabi/lib/thumb/v7-m/libcr_c.a(initio.o)
 .rodata.__num_Ciob_streams
                0x0000000000002e18        0x4 /usr/local/mcuxpressoide-10.3.1_2233/ide/plugins/com.nxp.mcuxpresso.tools.linux_10.3.0.201811011841/tools/bin/../lib/gcc/arm-none-eabi/7.3.1/../../../../arm-none-eabi/lib/thumb/v7-m/libcr_nohost.a(__ciob.o)
                0x0000000000002e18                __num_Ciob_streams
                0x0000000000002e1c                . = ALIGN (0x4)

.glue_7         0x0000000000002e1c        0x0
 .glue_7        0x0000000000002e1c        0x0 linker stubs

.glue_7t        0x0000000000002e1c        0x0
 .glue_7t       0x0000000000002e1c        0x0 linker stubs

.vfp11_veneer   0x0000000000002e1c        0x0
 .vfp11_veneer  0x0000000000002e1c        0x0 linker stubs

.v4_bx          0x0000000000002e1c        0x0
 .v4_bx         0x0000000000002e1c        0x0 linker stubs

.iplt           0x0000000000002e1c        0x0
 .iplt          0x0000000000002e1c        0x0 ./source/src/cr_startup_lpc175x_6x.o

.rel.dyn        0x0000000000002e1c        0x0
 .rel.iplt      0x0000000000002e1c        0x0 ./source/src/cr_startup_lpc175x_6x.o

.ARM.extab
 *(.ARM.extab* .gnu.linkonce.armextab.*)
                0x0000000000002e1c                __exidx_start = .

.ARM.exidx
 *(.ARM.exidx* .gnu.linkonce.armexidx.*)
                0x0000000000002e1c                __exidx_end = .
                0x0000000000002e1c                _etext = .

.data_RAM2      0x000000002007c000        0x0 load address 0x0000000000002e1c
 FILL mask 0xff
                [!provide]                        PROVIDE (__start_data_RAM2 = .)
 *(.ramfunc.$RAM2)
 *(.ramfunc.$RamAHB32)
 *(.data.$RAM2*)
 *(.data.$RamAHB32*)
                0x000000002007c000                . = ALIGN (0x4)
                [!provide]                        PROVIDE (__end_data_RAM2 = .)

.uninit_RESERVED
                0x0000000010000000        0x0
 *(.bss.$RESERVED*)
                0x0000000010000000                . = ALIGN (0x4)
                0x0000000010000000                _end_uninit_RESERVED = .

.data           0x0000000010000000        0x8 load address 0x0000000000002e1c
 FILL mask 0xff
                0x0000000010000000                _data = .
 *(vtable)
 *(.ramfunc*)
 *(.data*)
 .data.uxCriticalNesting
                0x0000000010000000        0x4 ./freertos/src/port.o
 .data.xNextTaskUnblockTime
                0x0000000010000004        0x4 ./freertos/src/tasks.o
                0x0000000010000008                . = ALIGN (0x4)
                0x0000000010000008                _edata = .

.igot.plt       0x0000000010000008        0x0 load address 0x0000000000002e24
 .igot.plt      0x0000000010000008        0x0 ./source/src/cr_startup_lpc175x_6x.o

.bss_RAM2       0x000000002007c000        0x0
                [!provide]                        PROVIDE (__start_bss_RAM2 = .)
 *(.bss.$RAM2*)
 *(.bss.$RamAHB32*)
                0x000000002007c000                . = ALIGN ((. != 0x0)?0x4:0x1)
                [!provide]                        PROVIDE (__end_bss_RAM2 = .)

.bss            0x0000000010000008      0x338
                0x0000000010000008                _bss = .
 *(.bss*)
 .bss.ulTimerCountsForOneTick
                0x0000000010000008        0x4 ./freertos/src/port.o
 .bss.xMaximumPossibleSuppressedTicks
                0x000000001000000c        0x4 ./freertos/src/port.o
 .bss.ulStoppedTimerCompensation
                0x0000000010000010        0x4 ./freertos/src/port.o
 .bss.pxCurrentTCB
                0x0000000010000014        0x4 ./freertos/src/tasks.o
                0x0000000010000014                pxCurrentTCB
 .bss.pxReadyTasksLists
                0x0000000010000018       0xa0 ./freertos/src/tasks.o
 .bss.xDelayedTaskList1
                0x00000000100000b8       0x14 ./freertos/src/tasks.o
 .bss.xDelayedTaskList2
                0x00000000100000cc       0x14 ./freertos/src/tasks.o
 .bss.pxDelayedTaskList
                0x00000000100000e0        0x4 ./freertos/src/tasks.o
 .bss.pxOverflowDelayedTaskList
                0x00000000100000e4        0x4 ./freertos/src/tasks.o
 .bss.xPendingReadyList
                0x00000000100000e8       0x14 ./freertos/src/tasks.o
 .bss.xTasksWaitingTermination
                0x00000000100000fc       0x14 ./freertos/src/tasks.o
 .bss.uxTasksDeleted
                0x0000000010000110        0x4 ./freertos/src/tasks.o
 .bss.xSuspendedTaskList
                0x0000000010000114       0x14 ./freertos/src/tasks.o
 .bss.uxCurrentNumberOfTasks
                0x0000000010000128        0x4 ./freertos/src/tasks.o
 .bss.xTickCount
                0x000000001000012c        0x4 ./freertos/src/tasks.o
 .bss.uxTopReadyPriority
                0x0000000010000130        0x4 ./freertos/src/tasks.o
 .bss.xSchedulerRunning
                0x0000000010000134        0x4 ./freertos/src/tasks.o
 .bss.uxSchedulerSuspended
                0x0000000010000138        0x4 ./freertos/src/tasks.o
 .bss.uxPendedTicks
                0x000000001000013c        0x4 ./freertos/src/tasks.o
 .bss.xYieldPending
                0x0000000010000140        0x4 ./freertos/src/tasks.o
 .bss.xNumOfOverflows
                0x0000000010000144        0x4 ./freertos/src/tasks.o
 .bss.uxTaskNumber
                0x0000000010000148        0x4 ./freertos/src/tasks.o
 .bss.__end_of_heap
                0x000000001000014c        0x4 /usr/local/mcuxpressoide-10.3.1_2233/ide/plugins/com.nxp.mcuxpresso.tools.linux_10.3.0.201811011841/tools/bin/../lib/gcc/arm-none-eabi/7.3.1/../../../../arm-none-eabi/lib/thumb/v7-m/libcr_c.a(__init_alloc.o)
                0x000000001000014c                __end_of_heap
 .bss.__heaps   0x0000000010000150        0x4 /usr/local/mcuxpressoide-10.3.1_2233/ide/plugins/com.nxp.mcuxpresso.tools.linux_10.3.0.201811011841/tools/bin/../lib/gcc/arm-none-eabi/7.3.1/../../../../arm-none-eabi/lib/thumb/v7-m/libcr_c.a(__init_alloc.o)
                0x0000000010000150                __heaps
 .bss.errno     0x0000000010000154        0x4 /usr/local/mcuxpressoide-10.3.1_2233/ide/plugins/com.nxp.mcuxpresso.tools.linux_10.3.0.201811011841/tools/bin/../lib/gcc/arm-none-eabi/7.3.1/../../../../arm-none-eabi/lib/thumb/v7-m/libcr_c.a(errno.o)
                0x0000000010000154                errno
 .bss.__Ciob    0x0000000010000158      0x1e0 /usr/local/mcuxpressoide-10.3.1_2233/ide/plugins/com.nxp.mcuxpresso.tools.linux_10.3.0.201811011841/tools/bin/../lib/gcc/arm-none-eabi/7.3.1/../../../../arm-none-eabi/lib/thumb/v7-m/libcr_nohost.a(__ciob.o)
                0x0000000010000158                __Ciob
 *(COMMON)
 COMMON         0x0000000010000338        0x4 ./source/src/proj1.o
                0x0000000010000338                xMutex
 COMMON         0x000000001000033c        0x4 /home/bibin/Documents/MCUXpresso_10.3.1_2233/workspace/lpc_chip_175x_6x/Debug/liblpc_chip_175x_6x.a(chip_17xx_40xx.o)
                0x000000001000033c                SystemCoreClock
                0x0000000010000340                . = ALIGN (0x4)
                0x0000000010000340                _ebss = .
                [!provide]                        PROVIDE (end = .)

.noinit_RAM2    0x000000002007c000        0x0
 *(.noinit.$RAM2*)
 *(.noinit.$RamAHB32*)
                0x000000002007c000                . = ALIGN (0x4)

.noinit         0x0000000010000340        0x0
                0x0000000010000340                _noinit = .
 *(.noinit*)
                0x0000000010000340                . = ALIGN (0x4)
                0x0000000010000340                _end_noinit = .
                0x0000000010000340                PROVIDE (_pvHeapStart = DEFINED (__user_heap_base)?__user_heap_base:.)
                0x0000000010008000                PROVIDE (_vStackTop = DEFINED (__user_stack_top)?__user_stack_top:(__top_RamLoc32 - 0x0))
                [!provide]                        PROVIDE (__valid_user_code_checksum = (0x0 - ((((((_vStackTop + (ResetISR + 0x1)) + (NMI_Handler + 0x1)) + (HardFault_Handler + 0x1)) + (DEFINED (MemManage_Handler)?MemManage_Handler:0x0 + 0x1)) + (DEFINED (BusFault_Handler)?BusFault_Handler:0x0 + 0x1)) + (DEFINED (UsageFault_Handler)?UsageFault_Handler:0x0 + 0x1))))
                0x0000000000000000                _image_start = LOADADDR (.text)
                0x0000000000002e24                _image_end = (LOADADDR (.data) + SIZEOF (.data))
                0x0000000000002e24                _image_size = (_image_end - _image_start)
OUTPUT(myproj_1.axf elf32-littlearm)

.debug_info     0x0000000000000000     0x7a01
 .debug_info    0x0000000000000000      0x251 ./source/src/cr_startup_lpc175x_6x.o
 .debug_info    0x0000000000000251      0x3aa ./source/src/proj1.o
 .debug_info    0x00000000000005fb      0x232 ./source/src/sysinit.o
 .debug_info    0x000000000000082d      0x2d0 ./freertos/src/FreeRTOSCommonHooks.o
 .debug_info    0x0000000000000afd      0x261 ./freertos/src/heap_3.o
 .debug_info    0x0000000000000d5e      0x3fc ./freertos/src/list.o
 .debug_info    0x000000000000115a      0x4ff ./freertos/src/port.o
 .debug_info    0x0000000000001659      0xd05 ./freertos/src/queue.o
 .debug_info    0x000000000000235e     0x132c ./freertos/src/tasks.o
 .debug_info    0x000000000000368a     0x1513 /home/bibin/Documents/MCUXpresso_10.3.1_2233/workspace/lpc_board_nxp_lpcxpresso_1769/Debug/liblpc_board_nxp_lpcxpresso_1769.a(board.o)
 .debug_info    0x0000000000004b9d      0x6c3 /home/bibin/Documents/MCUXpresso_10.3.1_2233/workspace/lpc_board_nxp_lpcxpresso_1769/Debug/liblpc_board_nxp_lpcxpresso_1769.a(board_sysinit.o)
 .debug_info    0x0000000000005260      0x558 /home/bibin/Documents/MCUXpresso_10.3.1_2233/workspace/lpc_chip_175x_6x/Debug/liblpc_chip_175x_6x.a(chip_17xx_40xx.o)
 .debug_info    0x00000000000057b8      0xba2 /home/bibin/Documents/MCUXpresso_10.3.1_2233/workspace/lpc_chip_175x_6x/Debug/liblpc_chip_175x_6x.a(clock_17xx_40xx.o)
 .debug_info    0x000000000000635a      0x31e /home/bibin/Documents/MCUXpresso_10.3.1_2233/workspace/lpc_chip_175x_6x/Debug/liblpc_chip_175x_6x.a(iocon_17xx_40xx.o)
 .debug_info    0x0000000000006678      0x474 /home/bibin/Documents/MCUXpresso_10.3.1_2233/workspace/lpc_chip_175x_6x/Debug/liblpc_chip_175x_6x.a(sysinit_17xx_40xx.o)
 .debug_info    0x0000000000006aec      0xf15 /home/bibin/Documents/MCUXpresso_10.3.1_2233/workspace/lpc_chip_175x_6x/Debug/liblpc_chip_175x_6x.a(uart_17xx_40xx.o)

.debug_abbrev   0x0000000000000000     0x1cc7
 .debug_abbrev  0x0000000000000000      0x103 ./source/src/cr_startup_lpc175x_6x.o
 .debug_abbrev  0x0000000000000103      0x147 ./source/src/proj1.o
 .debug_abbrev  0x000000000000024a       0xdd ./source/src/sysinit.o
 .debug_abbrev  0x0000000000000327      0x165 ./freertos/src/FreeRTOSCommonHooks.o
 .debug_abbrev  0x000000000000048c      0x117 ./freertos/src/heap_3.o
 .debug_abbrev  0x00000000000005a3      0x122 ./freertos/src/list.o
 .debug_abbrev  0x00000000000006c5      0x21b ./freertos/src/port.o
 .debug_abbrev  0x00000000000008e0      0x212 ./freertos/src/queue.o
 .debug_abbrev  0x0000000000000af2      0x254 ./freertos/src/tasks.o
 .debug_abbrev  0x0000000000000d46      0x3bd /home/bibin/Documents/MCUXpresso_10.3.1_2233/workspace/lpc_board_nxp_lpcxpresso_1769/Debug/liblpc_board_nxp_lpcxpresso_1769.a(board.o)
 .debug_abbrev  0x0000000000001103      0x180 /home/bibin/Documents/MCUXpresso_10.3.1_2233/workspace/lpc_board_nxp_lpcxpresso_1769/Debug/liblpc_board_nxp_lpcxpresso_1769.a(board_sysinit.o)
 .debug_abbrev  0x0000000000001283      0x151 /home/bibin/Documents/MCUXpresso_10.3.1_2233/workspace/lpc_chip_175x_6x/Debug/liblpc_chip_175x_6x.a(chip_17xx_40xx.o)
 .debug_abbrev  0x00000000000013d4      0x309 /home/bibin/Documents/MCUXpresso_10.3.1_2233/workspace/lpc_chip_175x_6x/Debug/liblpc_chip_175x_6x.a(clock_17xx_40xx.o)
 .debug_abbrev  0x00000000000016dd      0x14a /home/bibin/Documents/MCUXpresso_10.3.1_2233/workspace/lpc_chip_175x_6x/Debug/liblpc_chip_175x_6x.a(iocon_17xx_40xx.o)
 .debug_abbrev  0x0000000000001827      0x18e /home/bibin/Documents/MCUXpresso_10.3.1_2233/workspace/lpc_chip_175x_6x/Debug/liblpc_chip_175x_6x.a(sysinit_17xx_40xx.o)
 .debug_abbrev  0x00000000000019b5      0x312 /home/bibin/Documents/MCUXpresso_10.3.1_2233/workspace/lpc_chip_175x_6x/Debug/liblpc_chip_175x_6x.a(uart_17xx_40xx.o)

.debug_aranges  0x0000000000000000      0x920
 .debug_aranges
                0x0000000000000000       0x80 ./source/src/cr_startup_lpc175x_6x.o
 .debug_aranges
                0x0000000000000080       0x40 ./source/src/proj1.o
 .debug_aranges
                0x00000000000000c0       0x20 ./source/src/sysinit.o
 .debug_aranges
                0x00000000000000e0       0x40 ./freertos/src/FreeRTOSCommonHooks.o
 .debug_aranges
                0x0000000000000120       0x28 ./freertos/src/heap_3.o
 .debug_aranges
                0x0000000000000148       0x40 ./freertos/src/list.o
 .debug_aranges
                0x0000000000000188       0x90 ./freertos/src/port.o
 .debug_aranges
                0x0000000000000218       0xf0 ./freertos/src/queue.o
 .debug_aranges
                0x0000000000000308      0x170 ./freertos/src/tasks.o
 .debug_aranges
                0x0000000000000478      0x160 /home/bibin/Documents/MCUXpresso_10.3.1_2233/workspace/lpc_board_nxp_lpcxpresso_1769/Debug/liblpc_board_nxp_lpcxpresso_1769.a(board.o)
 .debug_aranges
                0x00000000000005d8       0x38 /home/bibin/Documents/MCUXpresso_10.3.1_2233/workspace/lpc_board_nxp_lpcxpresso_1769/Debug/liblpc_board_nxp_lpcxpresso_1769.a(board_sysinit.o)
 .debug_aranges
                0x0000000000000610       0x38 /home/bibin/Documents/MCUXpresso_10.3.1_2233/workspace/lpc_chip_175x_6x/Debug/liblpc_chip_175x_6x.a(chip_17xx_40xx.o)
 .debug_aranges
                0x0000000000000648      0x120 /home/bibin/Documents/MCUXpresso_10.3.1_2233/workspace/lpc_chip_175x_6x/Debug/liblpc_chip_175x_6x.a(clock_17xx_40xx.o)
 .debug_aranges
                0x0000000000000768       0x30 /home/bibin/Documents/MCUXpresso_10.3.1_2233/workspace/lpc_chip_175x_6x/Debug/liblpc_chip_175x_6x.a(iocon_17xx_40xx.o)
 .debug_aranges
                0x0000000000000798       0x60 /home/bibin/Documents/MCUXpresso_10.3.1_2233/workspace/lpc_chip_175x_6x/Debug/liblpc_chip_175x_6x.a(sysinit_17xx_40xx.o)
 .debug_aranges
                0x00000000000007f8      0x128 /home/bibin/Documents/MCUXpresso_10.3.1_2233/workspace/lpc_chip_175x_6x/Debug/liblpc_chip_175x_6x.a(uart_17xx_40xx.o)

.debug_ranges   0x0000000000000000      0x820
 .debug_ranges  0x0000000000000000       0x70 ./source/src/cr_startup_lpc175x_6x.o
 .debug_ranges  0x0000000000000070       0x30 ./source/src/proj1.o
 .debug_ranges  0x00000000000000a0       0x10 ./source/src/sysinit.o
 .debug_ranges  0x00000000000000b0       0x30 ./freertos/src/FreeRTOSCommonHooks.o
 .debug_ranges  0x00000000000000e0       0x18 ./freertos/src/heap_3.o
 .debug_ranges  0x00000000000000f8       0x30 ./freertos/src/list.o
 .debug_ranges  0x0000000000000128       0x80 ./freertos/src/port.o
 .debug_ranges  0x00000000000001a8       0xe0 ./freertos/src/queue.o
 .debug_ranges  0x0000000000000288      0x160 ./freertos/src/tasks.o
 .debug_ranges  0x00000000000003e8      0x150 /home/bibin/Documents/MCUXpresso_10.3.1_2233/workspace/lpc_board_nxp_lpcxpresso_1769/Debug/liblpc_board_nxp_lpcxpresso_1769.a(board.o)
 .debug_ranges  0x0000000000000538       0x28 /home/bibin/Documents/MCUXpresso_10.3.1_2233/workspace/lpc_board_nxp_lpcxpresso_1769/Debug/liblpc_board_nxp_lpcxpresso_1769.a(board_sysinit.o)
 .debug_ranges  0x0000000000000560       0x28 /home/bibin/Documents/MCUXpresso_10.3.1_2233/workspace/lpc_chip_175x_6x/Debug/liblpc_chip_175x_6x.a(chip_17xx_40xx.o)
 .debug_ranges  0x0000000000000588      0x110 /home/bibin/Documents/MCUXpresso_10.3.1_2233/workspace/lpc_chip_175x_6x/Debug/liblpc_chip_175x_6x.a(clock_17xx_40xx.o)
 .debug_ranges  0x0000000000000698       0x20 /home/bibin/Documents/MCUXpresso_10.3.1_2233/workspace/lpc_chip_175x_6x/Debug/liblpc_chip_175x_6x.a(iocon_17xx_40xx.o)
 .debug_ranges  0x00000000000006b8       0x50 /home/bibin/Documents/MCUXpresso_10.3.1_2233/workspace/lpc_chip_175x_6x/Debug/liblpc_chip_175x_6x.a(sysinit_17xx_40xx.o)
 .debug_ranges  0x0000000000000708      0x118 /home/bibin/Documents/MCUXpresso_10.3.1_2233/workspace/lpc_chip_175x_6x/Debug/liblpc_chip_175x_6x.a(uart_17xx_40xx.o)

.debug_macro    0x0000000000000000     0x66b6
 .debug_macro   0x0000000000000000       0x1d ./source/src/cr_startup_lpc175x_6x.o
 .debug_macro   0x000000000000001d      0xa66 ./source/src/cr_startup_lpc175x_6x.o
 .debug_macro   0x0000000000000a83      0x2aa ./source/src/proj1.o
 .debug_macro   0x0000000000000d2d       0x10 ./source/src/proj1.o
 .debug_macro   0x0000000000000d3d      0x12d ./source/src/proj1.o
 .debug_macro   0x0000000000000e6a      0x5b2 ./source/src/proj1.o
 .debug_macro   0x000000000000141c       0x22 ./source/src/proj1.o
 .debug_macro   0x000000000000143e       0x7b ./source/src/proj1.o
 .debug_macro   0x00000000000014b9       0x10 ./source/src/proj1.o
 .debug_macro   0x00000000000014c9       0x2d ./source/src/proj1.o
 .debug_macro   0x00000000000014f6       0x3a ./source/src/proj1.o
 .debug_macro   0x0000000000001530       0x2d ./source/src/proj1.o
 .debug_macro   0x000000000000155d      0xbb1 ./source/src/proj1.o
 .debug_macro   0x000000000000210e      0x22c ./source/src/proj1.o
 .debug_macro   0x000000000000233a       0x42 ./source/src/proj1.o
 .debug_macro   0x000000000000237c       0x52 ./source/src/proj1.o
 .debug_macro   0x00000000000023ce       0x78 ./source/src/proj1.o
 .debug_macro   0x0000000000002446       0x82 ./source/src/proj1.o
 .debug_macro   0x00000000000024c8      0x48c ./source/src/proj1.o
 .debug_macro   0x0000000000002954       0x34 ./source/src/proj1.o
 .debug_macro   0x0000000000002988      0x4c5 ./source/src/proj1.o
 .debug_macro   0x0000000000002e4d      0x1b7 ./source/src/proj1.o
 .debug_macro   0x0000000000003004       0x10 ./source/src/proj1.o
 .debug_macro   0x0000000000003014      0x21b ./source/src/proj1.o
 .debug_macro   0x000000000000322f      0x1b9 ./source/src/proj1.o
 .debug_macro   0x00000000000033e8       0x40 ./source/src/proj1.o
 .debug_macro   0x0000000000003428       0x22 ./source/src/proj1.o
 .debug_macro   0x000000000000344a      0x162 ./source/src/proj1.o
 .debug_macro   0x00000000000035ac       0x94 ./source/src/proj1.o
 .debug_macro   0x0000000000003640       0xb8 ./source/src/proj1.o
 .debug_macro   0x00000000000036f8       0x4c ./source/src/proj1.o
 .debug_macro   0x0000000000003744       0x16 ./source/src/proj1.o
 .debug_macro   0x000000000000375a      0x328 ./source/src/proj1.o
 .debug_macro   0x0000000000003a82       0x49 ./source/src/proj1.o
 .debug_macro   0x0000000000003acb       0x16 ./source/src/proj1.o
 .debug_macro   0x0000000000003ae1       0xca ./source/src/proj1.o
 .debug_macro   0x0000000000003bab       0x18 ./source/src/proj1.o
 .debug_macro   0x0000000000003bc3       0x70 ./source/src/proj1.o
 .debug_macro   0x0000000000003c33       0x9a ./source/src/proj1.o
 .debug_macro   0x0000000000003ccd       0x20 ./source/src/proj1.o
 .debug_macro   0x0000000000003ced       0x28 ./source/src/proj1.o
 .debug_macro   0x0000000000003d15       0x10 ./source/src/proj1.o
 .debug_macro   0x0000000000003d25       0x46 ./source/src/proj1.o
 .debug_macro   0x0000000000003d6b       0xf4 ./source/src/proj1.o
 .debug_macro   0x0000000000003e5f       0xab ./source/src/proj1.o
 .debug_macro   0x0000000000003f0a       0x12 ./source/src/proj1.o
 .debug_macro   0x0000000000003f1c       0x1f ./source/src/proj1.o
 .debug_macro   0x0000000000003f3b      0x257 ./source/src/proj1.o
 .debug_macro   0x0000000000004192       0x64 ./source/src/proj1.o
 .debug_macro   0x00000000000041f6       0x57 ./source/src/proj1.o
 .debug_macro   0x000000000000424d       0xb0 ./source/src/proj1.o
 .debug_macro   0x00000000000042fd       0x77 ./source/src/proj1.o
 .debug_macro   0x0000000000004374      0x217 ./source/src/sysinit.o
 .debug_macro   0x000000000000458b      0x29c ./freertos/src/FreeRTOSCommonHooks.o
 .debug_macro   0x0000000000004827       0x16 ./freertos/src/FreeRTOSCommonHooks.o
 .debug_macro   0x000000000000483d       0x74 ./freertos/src/FreeRTOSCommonHooks.o
 .debug_macro   0x00000000000048b1       0x11 ./freertos/src/FreeRTOSCommonHooks.o
 .debug_macro   0x00000000000048c2       0xee ./freertos/src/FreeRTOSCommonHooks.o
 .debug_macro   0x00000000000049b0      0x2b2 ./freertos/src/heap_3.o
 .debug_macro   0x0000000000004c62       0x28 ./freertos/src/heap_3.o
 .debug_macro   0x0000000000004c8a      0x297 ./freertos/src/list.o
 .debug_macro   0x0000000000004f21      0x329 ./freertos/src/port.o
 .debug_macro   0x000000000000524a      0x2fa ./freertos/src/queue.o
 .debug_macro   0x0000000000005544      0x336 ./freertos/src/tasks.o
 .debug_macro   0x000000000000587a       0x5b ./freertos/src/tasks.o
 .debug_macro   0x00000000000058d5       0x16 ./freertos/src/tasks.o
 .debug_macro   0x00000000000058eb      0x2a1 /home/bibin/Documents/MCUXpresso_10.3.1_2233/workspace/lpc_board_nxp_lpcxpresso_1769/Debug/liblpc_board_nxp_lpcxpresso_1769.a(board.o)
 .debug_macro   0x0000000000005b8c       0x12 /home/bibin/Documents/MCUXpresso_10.3.1_2233/workspace/lpc_board_nxp_lpcxpresso_1769/Debug/liblpc_board_nxp_lpcxpresso_1769.a(board.o)
 .debug_macro   0x0000000000005b9e      0x217 /home/bibin/Documents/MCUXpresso_10.3.1_2233/workspace/lpc_board_nxp_lpcxpresso_1769/Debug/liblpc_board_nxp_lpcxpresso_1769.a(board_sysinit.o)
 .debug_macro   0x0000000000005db5      0x1cd /home/bibin/Documents/MCUXpresso_10.3.1_2233/workspace/lpc_chip_175x_6x/Debug/liblpc_chip_175x_6x.a(chip_17xx_40xx.o)
 .debug_macro   0x0000000000005f82      0x1cd /home/bibin/Documents/MCUXpresso_10.3.1_2233/workspace/lpc_chip_175x_6x/Debug/liblpc_chip_175x_6x.a(clock_17xx_40xx.o)
 .debug_macro   0x000000000000614f      0x1cd /home/bibin/Documents/MCUXpresso_10.3.1_2233/workspace/lpc_chip_175x_6x/Debug/liblpc_chip_175x_6x.a(iocon_17xx_40xx.o)
 .debug_macro   0x000000000000631c      0x1cd /home/bibin/Documents/MCUXpresso_10.3.1_2233/workspace/lpc_chip_175x_6x/Debug/liblpc_chip_175x_6x.a(sysinit_17xx_40xx.o)
 .debug_macro   0x00000000000064e9      0x1cd /home/bibin/Documents/MCUXpresso_10.3.1_2233/workspace/lpc_chip_175x_6x/Debug/liblpc_chip_175x_6x.a(uart_17xx_40xx.o)

.debug_line     0x0000000000000000     0x6bb9
 .debug_line    0x0000000000000000       0xda ./source/src/cr_startup_lpc175x_6x.o
 .debug_line    0x00000000000000da      0x704 ./source/src/proj1.o
 .debug_line    0x00000000000007de      0x514 ./source/src/sysinit.o
 .debug_line    0x0000000000000cf2      0x6bb ./freertos/src/FreeRTOSCommonHooks.o
 .debug_line    0x00000000000013ad      0x660 ./freertos/src/heap_3.o
 .debug_line    0x0000000000001a0d      0x6ac ./freertos/src/list.o
 .debug_line    0x00000000000020b9      0x792 ./freertos/src/port.o
 .debug_line    0x000000000000284b      0x9b6 ./freertos/src/queue.o
 .debug_line    0x0000000000003201      0xd60 ./freertos/src/tasks.o
 .debug_line    0x0000000000003f61      0x8ea /home/bibin/Documents/MCUXpresso_10.3.1_2233/workspace/lpc_board_nxp_lpcxpresso_1769/Debug/liblpc_board_nxp_lpcxpresso_1769.a(board.o)
 .debug_line    0x000000000000484b      0x54d /home/bibin/Documents/MCUXpresso_10.3.1_2233/workspace/lpc_board_nxp_lpcxpresso_1769/Debug/liblpc_board_nxp_lpcxpresso_1769.a(board_sysinit.o)
 .debug_line    0x0000000000004d98      0x4d2 /home/bibin/Documents/MCUXpresso_10.3.1_2233/workspace/lpc_chip_175x_6x/Debug/liblpc_chip_175x_6x.a(chip_17xx_40xx.o)
 .debug_line    0x000000000000526a      0x74e /home/bibin/Documents/MCUXpresso_10.3.1_2233/workspace/lpc_chip_175x_6x/Debug/liblpc_chip_175x_6x.a(clock_17xx_40xx.o)
 .debug_line    0x00000000000059b8      0x4be /home/bibin/Documents/MCUXpresso_10.3.1_2233/workspace/lpc_chip_175x_6x/Debug/liblpc_chip_175x_6x.a(iocon_17xx_40xx.o)
 .debug_line    0x0000000000005e76      0x548 /home/bibin/Documents/MCUXpresso_10.3.1_2233/workspace/lpc_chip_175x_6x/Debug/liblpc_chip_175x_6x.a(sysinit_17xx_40xx.o)
 .debug_line    0x00000000000063be      0x7fb /home/bibin/Documents/MCUXpresso_10.3.1_2233/workspace/lpc_chip_175x_6x/Debug/liblpc_chip_175x_6x.a(uart_17xx_40xx.o)

.debug_str      0x0000000000000000    0x18c02
 .debug_str     0x0000000000000000     0x2e81 ./source/src/cr_startup_lpc175x_6x.o
                                       0x2ebf (size before relaxing)
 .debug_str     0x0000000000002e81    0x119a9 ./source/src/proj1.o
                                      0x14767 (size before relaxing)
 .debug_str     0x000000000001482a       0x22 ./source/src/sysinit.o
                                      0x112a1 (size before relaxing)
 .debug_str     0x000000000001484c       0xe7 ./freertos/src/FreeRTOSCommonHooks.o
                                      0x13458 (size before relaxing)
 .debug_str     0x0000000000014933      0x103 ./freertos/src/heap_3.o
                                      0x1346c (size before relaxing)
 .debug_str     0x0000000000014a36      0x12e ./freertos/src/list.o
                                      0x131b1 (size before relaxing)
 .debug_str     0x0000000000014b64      0x747 ./freertos/src/port.o
                                      0x13ca8 (size before relaxing)
 .debug_str     0x00000000000152ab      0x6b5 ./freertos/src/queue.o
                                      0x147b9 (size before relaxing)
 .debug_str     0x0000000000015960     0x14cf ./freertos/src/tasks.o
                                      0x14c73 (size before relaxing)
 .debug_str     0x0000000000016e2f      0xd91 /home/bibin/Documents/MCUXpresso_10.3.1_2233/workspace/lpc_board_nxp_lpcxpresso_1769/Debug/liblpc_board_nxp_lpcxpresso_1769.a(board.o)
                                      0x121e9 (size before relaxing)
 .debug_str     0x0000000000017bc0      0x22d /home/bibin/Documents/MCUXpresso_10.3.1_2233/workspace/lpc_board_nxp_lpcxpresso_1769/Debug/liblpc_board_nxp_lpcxpresso_1769.a(board_sysinit.o)
                                      0x116b7 (size before relaxing)
 .debug_str     0x0000000000017ded       0xc1 /home/bibin/Documents/MCUXpresso_10.3.1_2233/workspace/lpc_chip_175x_6x/Debug/liblpc_chip_175x_6x.a(chip_17xx_40xx.o)
                                      0x11307 (size before relaxing)
 .debug_str     0x0000000000017eae      0x857 /home/bibin/Documents/MCUXpresso_10.3.1_2233/workspace/lpc_chip_175x_6x/Debug/liblpc_chip_175x_6x.a(clock_17xx_40xx.o)
                                      0x11985 (size before relaxing)
 .debug_str     0x0000000000018705       0x79 /home/bibin/Documents/MCUXpresso_10.3.1_2233/workspace/lpc_chip_175x_6x/Debug/liblpc_chip_175x_6x.a(iocon_17xx_40xx.o)
                                      0x10e02 (size before relaxing)
 .debug_str     0x000000000001877e       0xc4 /home/bibin/Documents/MCUXpresso_10.3.1_2233/workspace/lpc_chip_175x_6x/Debug/liblpc_chip_175x_6x.a(sysinit_17xx_40xx.o)
                                      0x10fea (size before relaxing)
 .debug_str     0x0000000000018842      0x3c0 /home/bibin/Documents/MCUXpresso_10.3.1_2233/workspace/lpc_chip_175x_6x/Debug/liblpc_chip_175x_6x.a(uart_17xx_40xx.o)
                                      0x1185a (size before relaxing)

.comment        0x0000000000000000       0x7f
 .comment       0x0000000000000000       0x7f ./source/src/cr_startup_lpc175x_6x.o
                                         0x80 (size before relaxing)
 .comment       0x000000000000007f       0x80 ./source/src/proj1.o
 .comment       0x000000000000007f       0x80 ./source/src/sysinit.o
 .comment       0x000000000000007f       0x80 ./freertos/src/FreeRTOSCommonHooks.o
 .comment       0x000000000000007f       0x80 ./freertos/src/heap_3.o
 .comment       0x000000000000007f       0x80 ./freertos/src/list.o
 .comment       0x000000000000007f       0x80 ./freertos/src/port.o
 .comment       0x000000000000007f       0x80 ./freertos/src/queue.o
 .comment       0x000000000000007f       0x80 ./freertos/src/tasks.o
 .comment       0x000000000000007f       0x80 /home/bibin/Documents/MCUXpresso_10.3.1_2233/workspace/lpc_board_nxp_lpcxpresso_1769/Debug/liblpc_board_nxp_lpcxpresso_1769.a(board.o)
 .comment       0x000000000000007f       0x80 /home/bibin/Documents/MCUXpresso_10.3.1_2233/workspace/lpc_board_nxp_lpcxpresso_1769/Debug/liblpc_board_nxp_lpcxpresso_1769.a(board_sysinit.o)
 .comment       0x000000000000007f       0x80 /home/bibin/Documents/MCUXpresso_10.3.1_2233/workspace/lpc_chip_175x_6x/Debug/liblpc_chip_175x_6x.a(chip_17xx_40xx.o)
 .comment       0x000000000000007f       0x80 /home/bibin/Documents/MCUXpresso_10.3.1_2233/workspace/lpc_chip_175x_6x/Debug/liblpc_chip_175x_6x.a(clock_17xx_40xx.o)
 .comment       0x000000000000007f       0x80 /home/bibin/Documents/MCUXpresso_10.3.1_2233/workspace/lpc_chip_175x_6x/Debug/liblpc_chip_175x_6x.a(iocon_17xx_40xx.o)
 .comment       0x000000000000007f       0x80 /home/bibin/Documents/MCUXpresso_10.3.1_2233/workspace/lpc_chip_175x_6x/Debug/liblpc_chip_175x_6x.a(sysinit_17xx_40xx.o)
 .comment       0x000000000000007f       0x80 /home/bibin/Documents/MCUXpresso_10.3.1_2233/workspace/lpc_chip_175x_6x/Debug/liblpc_chip_175x_6x.a(uart_17xx_40xx.o)
 .comment       0x000000000000007f       0x80 /usr/local/mcuxpressoide-10.3.1_2233/ide/plugins/com.nxp.mcuxpresso.tools.linux_10.3.0.201811011841/tools/bin/../lib/gcc/arm-none-eabi/7.3.1/../../../../arm-none-eabi/lib/thumb/v7-m/libcr_nohost.a(_cr__main.o)
 .comment       0x000000000000007f       0x80 /usr/local/mcuxpressoide-10.3.1_2233/ide/plugins/com.nxp.mcuxpresso.tools.linux_10.3.0.201811011841/tools/bin/../lib/gcc/arm-none-eabi/7.3.1/../../../../arm-none-eabi/lib/thumb/v7-m/libcr_c.a(memcpy.o)
 .comment       0x000000000000007f       0x80 /usr/local/mcuxpressoide-10.3.1_2233/ide/plugins/com.nxp.mcuxpresso.tools.linux_10.3.0.201811011841/tools/bin/../lib/gcc/arm-none-eabi/7.3.1/../../../../arm-none-eabi/lib/thumb/v7-m/libcr_c.a(memset.o)
 .comment       0x000000000000007f       0x80 /usr/local/mcuxpressoide-10.3.1_2233/ide/plugins/com.nxp.mcuxpresso.tools.linux_10.3.0.201811011841/tools/bin/../lib/gcc/arm-none-eabi/7.3.1/../../../../arm-none-eabi/lib/thumb/v7-m/libcr_c.a(alloc.o)
 .comment       0x000000000000007f       0x80 /usr/local/mcuxpressoide-10.3.1_2233/ide/plugins/com.nxp.mcuxpresso.tools.linux_10.3.0.201811011841/tools/bin/../lib/gcc/arm-none-eabi/7.3.1/../../../../arm-none-eabi/lib/thumb/v7-m/libcr_c.a(initio.o)
 .comment       0x000000000000007f       0x80 /usr/local/mcuxpressoide-10.3.1_2233/ide/plugins/com.nxp.mcuxpresso.tools.linux_10.3.0.201811011841/tools/bin/../lib/gcc/arm-none-eabi/7.3.1/../../../../arm-none-eabi/lib/thumb/v7-m/libcr_c.a(setvbuf.o)
 .comment       0x000000000000007f       0x80 /usr/local/mcuxpressoide-10.3.1_2233/ide/plugins/com.nxp.mcuxpresso.tools.linux_10.3.0.201811011841/tools/bin/../lib/gcc/arm-none-eabi/7.3.1/../../../../arm-none-eabi/lib/thumb/v7-m/libcr_c.a(strlen.o)
 .comment       0x000000000000007f       0x80 /usr/local/mcuxpressoide-10.3.1_2233/ide/plugins/com.nxp.mcuxpresso.tools.linux_10.3.0.201811011841/tools/bin/../lib/gcc/arm-none-eabi/7.3.1/../../../../arm-none-eabi/lib/thumb/v7-m/libcr_c.a(__init_alloc.o)
 .comment       0x000000000000007f       0x80 /usr/local/mcuxpressoide-10.3.1_2233/ide/plugins/com.nxp.mcuxpresso.tools.linux_10.3.0.201811011841/tools/bin/../lib/gcc/arm-none-eabi/7.3.1/../../../../arm-none-eabi/lib/thumb/v7-m/libcr_c.a(_cr_sbrk.o)
 .comment       0x000000000000007f       0x80 /usr/local/mcuxpressoide-10.3.1_2233/ide/plugins/com.nxp.mcuxpresso.tools.linux_10.3.0.201811011841/tools/bin/../lib/gcc/arm-none-eabi/7.3.1/../../../../arm-none-eabi/lib/thumb/v7-m/libcr_c.a(_deferredlazyseek.o)
 .comment       0x000000000000007f       0x80 /usr/local/mcuxpressoide-10.3.1_2233/ide/plugins/com.nxp.mcuxpresso.tools.linux_10.3.0.201811011841/tools/bin/../lib/gcc/arm-none-eabi/7.3.1/../../../../arm-none-eabi/lib/thumb/v7-m/libcr_c.a(_fdopen.o)
 .comment       0x000000000000007f       0x80 /usr/local/mcuxpressoide-10.3.1_2233/ide/plugins/com.nxp.mcuxpresso.tools.linux_10.3.0.201811011841/tools/bin/../lib/gcc/arm-none-eabi/7.3.1/../../../../arm-none-eabi/lib/thumb/v7-m/libcr_c.a(_fflush.o)
 .comment       0x000000000000007f       0x80 /usr/local/mcuxpressoide-10.3.1_2233/ide/plugins/com.nxp.mcuxpresso.tools.linux_10.3.0.201811011841/tools/bin/../lib/gcc/arm-none-eabi/7.3.1/../../../../arm-none-eabi/lib/thumb/v7-m/libcr_c.a(_writebuf.o)
 .comment       0x000000000000007f       0x80 /usr/local/mcuxpressoide-10.3.1_2233/ide/plugins/com.nxp.mcuxpresso.tools.linux_10.3.0.201811011841/tools/bin/../lib/gcc/arm-none-eabi/7.3.1/../../../../arm-none-eabi/lib/thumb/v7-m/libcr_c.a(errno.o)
 .comment       0x000000000000007f       0x80 /usr/local/mcuxpressoide-10.3.1_2233/ide/plugins/com.nxp.mcuxpresso.tools.linux_10.3.0.201811011841/tools/bin/../lib/gcc/arm-none-eabi/7.3.1/../../../../arm-none-eabi/lib/thumb/v7-m/libcr_c.a(fclose.o)
 .comment       0x000000000000007f       0x80 /usr/local/mcuxpressoide-10.3.1_2233/ide/plugins/com.nxp.mcuxpresso.tools.linux_10.3.0.201811011841/tools/bin/../lib/gcc/arm-none-eabi/7.3.1/../../../../arm-none-eabi/lib/thumb/v7-m/libcr_c.a(fflush.o)
 .comment       0x000000000000007f       0x80 /usr/local/mcuxpressoide-10.3.1_2233/ide/plugins/com.nxp.mcuxpresso.tools.linux_10.3.0.201811011841/tools/bin/../lib/gcc/arm-none-eabi/7.3.1/../../../../arm-none-eabi/lib/thumb/v7-m/libcr_c.a(fseek.o)
 .comment       0x000000000000007f       0x80 /usr/local/mcuxpressoide-10.3.1_2233/ide/plugins/com.nxp.mcuxpresso.tools.linux_10.3.0.201811011841/tools/bin/../lib/gcc/arm-none-eabi/7.3.1/../../../../arm-none-eabi/lib/thumb/v7-m/libcr_c.a(ftell.o)
 .comment       0x000000000000007f       0x80 /usr/local/mcuxpressoide-10.3.1_2233/ide/plugins/com.nxp.mcuxpresso.tools.linux_10.3.0.201811011841/tools/bin/../lib/gcc/arm-none-eabi/7.3.1/../../../../arm-none-eabi/lib/thumb/v7-m/libcr_c.a(remove.o)
 .comment       0x000000000000007f       0x80 /usr/local/mcuxpressoide-10.3.1_2233/ide/plugins/com.nxp.mcuxpresso.tools.linux_10.3.0.201811011841/tools/bin/../lib/gcc/arm-none-eabi/7.3.1/../../../../arm-none-eabi/lib/thumb/v7-m/libcr_c.a(_cr_check_heap.o)
 .comment       0x000000000000007f       0x80 /usr/local/mcuxpressoide-10.3.1_2233/ide/plugins/com.nxp.mcuxpresso.tools.linux_10.3.0.201811011841/tools/bin/../lib/gcc/arm-none-eabi/7.3.1/../../../../arm-none-eabi/lib/thumb/v7-m/libcr_c.a(_do_fflush.o)
 .comment       0x000000000000007f       0x80 /usr/local/mcuxpressoide-10.3.1_2233/ide/plugins/com.nxp.mcuxpresso.tools.linux_10.3.0.201811011841/tools/bin/../lib/gcc/arm-none-eabi/7.3.1/../../../../arm-none-eabi/lib/thumb/v7-m/libcr_nohost.a(__ciob.o)
 .comment       0x000000000000007f       0x80 /usr/local/mcuxpressoide-10.3.1_2233/ide/plugins/com.nxp.mcuxpresso.tools.linux_10.3.0.201811011841/tools/bin/../lib/gcc/arm-none-eabi/7.3.1/../../../../arm-none-eabi/lib/thumb/v7-m/libcr_nohost.a(__sys_close.o)
 .comment       0x000000000000007f       0x80 /usr/local/mcuxpressoide-10.3.1_2233/ide/plugins/com.nxp.mcuxpresso.tools.linux_10.3.0.201811011841/tools/bin/../lib/gcc/arm-none-eabi/7.3.1/../../../../arm-none-eabi/lib/thumb/v7-m/libcr_nohost.a(__sys_flen.o)
 .comment       0x000000000000007f       0x80 /usr/local/mcuxpressoide-10.3.1_2233/ide/plugins/com.nxp.mcuxpresso.tools.linux_10.3.0.201811011841/tools/bin/../lib/gcc/arm-none-eabi/7.3.1/../../../../arm-none-eabi/lib/thumb/v7-m/libcr_nohost.a(__sys_istty.o)
 .comment       0x000000000000007f       0x80 /usr/local/mcuxpressoide-10.3.1_2233/ide/plugins/com.nxp.mcuxpresso.tools.linux_10.3.0.201811011841/tools/bin/../lib/gcc/arm-none-eabi/7.3.1/../../../../arm-none-eabi/lib/thumb/v7-m/libcr_nohost.a(__sys_remove.o)
 .comment       0x000000000000007f       0x80 /usr/local/mcuxpressoide-10.3.1_2233/ide/plugins/com.nxp.mcuxpresso.tools.linux_10.3.0.201811011841/tools/bin/../lib/gcc/arm-none-eabi/7.3.1/../../../../arm-none-eabi/lib/thumb/v7-m/libcr_nohost.a(__sys_seek.o)
 .comment       0x000000000000007f       0x80 /usr/local/mcuxpressoide-10.3.1_2233/ide/plugins/com.nxp.mcuxpresso.tools.linux_10.3.0.201811011841/tools/bin/../lib/gcc/arm-none-eabi/7.3.1/../../../../arm-none-eabi/lib/thumb/v7-m/libcr_nohost.a(__sys_tmpnam.o)

.ARM.attributes
                0x0000000000000000       0x31
 .ARM.attributes
                0x0000000000000000       0x33 ./source/src/cr_startup_lpc175x_6x.o
 .ARM.attributes
                0x0000000000000033       0x33 ./source/src/proj1.o
 .ARM.attributes
                0x0000000000000066       0x33 ./source/src/sysinit.o
 .ARM.attributes
                0x0000000000000099       0x33 ./freertos/src/FreeRTOSCommonHooks.o
 .ARM.attributes
                0x00000000000000cc       0x33 ./freertos/src/heap_3.o
 .ARM.attributes
                0x00000000000000ff       0x33 ./freertos/src/list.o
 .ARM.attributes
                0x0000000000000132       0x33 ./freertos/src/port.o
 .ARM.attributes
                0x0000000000000165       0x33 ./freertos/src/queue.o
 .ARM.attributes
                0x0000000000000198       0x33 ./freertos/src/tasks.o
 .ARM.attributes
                0x00000000000001cb       0x33 /home/bibin/Documents/MCUXpresso_10.3.1_2233/workspace/lpc_board_nxp_lpcxpresso_1769/Debug/liblpc_board_nxp_lpcxpresso_1769.a(board.o)
 .ARM.attributes
                0x00000000000001fe       0x33 /home/bibin/Documents/MCUXpresso_10.3.1_2233/workspace/lpc_board_nxp_lpcxpresso_1769/Debug/liblpc_board_nxp_lpcxpresso_1769.a(board_sysinit.o)
 .ARM.attributes
                0x0000000000000231       0x33 /home/bibin/Documents/MCUXpresso_10.3.1_2233/workspace/lpc_chip_175x_6x/Debug/liblpc_chip_175x_6x.a(chip_17xx_40xx.o)
 .ARM.attributes
                0x0000000000000264       0x33 /home/bibin/Documents/MCUXpresso_10.3.1_2233/workspace/lpc_chip_175x_6x/Debug/liblpc_chip_175x_6x.a(clock_17xx_40xx.o)
 .ARM.attributes
                0x0000000000000297       0x33 /home/bibin/Documents/MCUXpresso_10.3.1_2233/workspace/lpc_chip_175x_6x/Debug/liblpc_chip_175x_6x.a(iocon_17xx_40xx.o)
 .ARM.attributes
                0x00000000000002ca       0x33 /home/bibin/Documents/MCUXpresso_10.3.1_2233/workspace/lpc_chip_175x_6x/Debug/liblpc_chip_175x_6x.a(sysinit_17xx_40xx.o)
 .ARM.attributes
                0x00000000000002fd       0x33 /home/bibin/Documents/MCUXpresso_10.3.1_2233/workspace/lpc_chip_175x_6x/Debug/liblpc_chip_175x_6x.a(uart_17xx_40xx.o)
 .ARM.attributes
                0x0000000000000330       0x33 /usr/local/mcuxpressoide-10.3.1_2233/ide/plugins/com.nxp.mcuxpresso.tools.linux_10.3.0.201811011841/tools/bin/../lib/gcc/arm-none-eabi/7.3.1/../../../../arm-none-eabi/lib/thumb/v7-m/libcr_nohost.a(_cr__main.o)
 .ARM.attributes
                0x0000000000000363       0x33 /usr/local/mcuxpressoide-10.3.1_2233/ide/plugins/com.nxp.mcuxpresso.tools.linux_10.3.0.201811011841/tools/bin/../lib/gcc/arm-none-eabi/7.3.1/../../../../arm-none-eabi/lib/thumb/v7-m/libcr_c.a(memcpy.o)
 .ARM.attributes
                0x0000000000000396       0x33 /usr/local/mcuxpressoide-10.3.1_2233/ide/plugins/com.nxp.mcuxpresso.tools.linux_10.3.0.201811011841/tools/bin/../lib/gcc/arm-none-eabi/7.3.1/../../../../arm-none-eabi/lib/thumb/v7-m/libcr_c.a(memset.o)
 .ARM.attributes
                0x00000000000003c9       0x33 /usr/local/mcuxpressoide-10.3.1_2233/ide/plugins/com.nxp.mcuxpresso.tools.linux_10.3.0.201811011841/tools/bin/../lib/gcc/arm-none-eabi/7.3.1/../../../../arm-none-eabi/lib/thumb/v7-m/libcr_c.a(alloc.o)
 .ARM.attributes
                0x00000000000003fc       0x33 /usr/local/mcuxpressoide-10.3.1_2233/ide/plugins/com.nxp.mcuxpresso.tools.linux_10.3.0.201811011841/tools/bin/../lib/gcc/arm-none-eabi/7.3.1/../../../../arm-none-eabi/lib/thumb/v7-m/libcr_c.a(initio.o)
 .ARM.attributes
                0x000000000000042f       0x33 /usr/local/mcuxpressoide-10.3.1_2233/ide/plugins/com.nxp.mcuxpresso.tools.linux_10.3.0.201811011841/tools/bin/../lib/gcc/arm-none-eabi/7.3.1/../../../../arm-none-eabi/lib/thumb/v7-m/libcr_c.a(setvbuf.o)
 .ARM.attributes
                0x0000000000000462       0x33 /usr/local/mcuxpressoide-10.3.1_2233/ide/plugins/com.nxp.mcuxpresso.tools.linux_10.3.0.201811011841/tools/bin/../lib/gcc/arm-none-eabi/7.3.1/../../../../arm-none-eabi/lib/thumb/v7-m/libcr_c.a(strlen.o)
 .ARM.attributes
                0x0000000000000495       0x33 /usr/local/mcuxpressoide-10.3.1_2233/ide/plugins/com.nxp.mcuxpresso.tools.linux_10.3.0.201811011841/tools/bin/../lib/gcc/arm-none-eabi/7.3.1/../../../../arm-none-eabi/lib/thumb/v7-m/libcr_c.a(__init_alloc.o)
 .ARM.attributes
                0x00000000000004c8       0x33 /usr/local/mcuxpressoide-10.3.1_2233/ide/plugins/com.nxp.mcuxpresso.tools.linux_10.3.0.201811011841/tools/bin/../lib/gcc/arm-none-eabi/7.3.1/../../../../arm-none-eabi/lib/thumb/v7-m/libcr_c.a(_cr_sbrk.o)
 .ARM.attributes
                0x00000000000004fb       0x33 /usr/local/mcuxpressoide-10.3.1_2233/ide/plugins/com.nxp.mcuxpresso.tools.linux_10.3.0.201811011841/tools/bin/../lib/gcc/arm-none-eabi/7.3.1/../../../../arm-none-eabi/lib/thumb/v7-m/libcr_c.a(_deferredlazyseek.o)
 .ARM.attributes
                0x000000000000052e       0x33 /usr/local/mcuxpressoide-10.3.1_2233/ide/plugins/com.nxp.mcuxpresso.tools.linux_10.3.0.201811011841/tools/bin/../lib/gcc/arm-none-eabi/7.3.1/../../../../arm-none-eabi/lib/thumb/v7-m/libcr_c.a(_fdopen.o)
 .ARM.attributes
                0x0000000000000561       0x33 /usr/local/mcuxpressoide-10.3.1_2233/ide/plugins/com.nxp.mcuxpresso.tools.linux_10.3.0.201811011841/tools/bin/../lib/gcc/arm-none-eabi/7.3.1/../../../../arm-none-eabi/lib/thumb/v7-m/libcr_c.a(_fflush.o)
 .ARM.attributes
                0x0000000000000594       0x33 /usr/local/mcuxpressoide-10.3.1_2233/ide/plugins/com.nxp.mcuxpresso.tools.linux_10.3.0.201811011841/tools/bin/../lib/gcc/arm-none-eabi/7.3.1/../../../../arm-none-eabi/lib/thumb/v7-m/libcr_c.a(_writebuf.o)
 .ARM.attributes
                0x00000000000005c7       0x33 /usr/local/mcuxpressoide-10.3.1_2233/ide/plugins/com.nxp.mcuxpresso.tools.linux_10.3.0.201811011841/tools/bin/../lib/gcc/arm-none-eabi/7.3.1/../../../../arm-none-eabi/lib/thumb/v7-m/libcr_c.a(errno.o)
 .ARM.attributes
                0x00000000000005fa       0x33 /usr/local/mcuxpressoide-10.3.1_2233/ide/plugins/com.nxp.mcuxpresso.tools.linux_10.3.0.201811011841/tools/bin/../lib/gcc/arm-none-eabi/7.3.1/../../../../arm-none-eabi/lib/thumb/v7-m/libcr_c.a(fclose.o)
 .ARM.attributes
                0x000000000000062d       0x33 /usr/local/mcuxpressoide-10.3.1_2233/ide/plugins/com.nxp.mcuxpresso.tools.linux_10.3.0.201811011841/tools/bin/../lib/gcc/arm-none-eabi/7.3.1/../../../../arm-none-eabi/lib/thumb/v7-m/libcr_c.a(fflush.o)
 .ARM.attributes
                0x0000000000000660       0x33 /usr/local/mcuxpressoide-10.3.1_2233/ide/plugins/com.nxp.mcuxpresso.tools.linux_10.3.0.201811011841/tools/bin/../lib/gcc/arm-none-eabi/7.3.1/../../../../arm-none-eabi/lib/thumb/v7-m/libcr_c.a(fseek.o)
 .ARM.attributes
                0x0000000000000693       0x33 /usr/local/mcuxpressoide-10.3.1_2233/ide/plugins/com.nxp.mcuxpresso.tools.linux_10.3.0.201811011841/tools/bin/../lib/gcc/arm-none-eabi/7.3.1/../../../../arm-none-eabi/lib/thumb/v7-m/libcr_c.a(ftell.o)
 .ARM.attributes
                0x00000000000006c6       0x33 /usr/local/mcuxpressoide-10.3.1_2233/ide/plugins/com.nxp.mcuxpresso.tools.linux_10.3.0.201811011841/tools/bin/../lib/gcc/arm-none-eabi/7.3.1/../../../../arm-none-eabi/lib/thumb/v7-m/libcr_c.a(remove.o)
 .ARM.attributes
                0x00000000000006f9       0x33 /usr/local/mcuxpressoide-10.3.1_2233/ide/plugins/com.nxp.mcuxpresso.tools.linux_10.3.0.201811011841/tools/bin/../lib/gcc/arm-none-eabi/7.3.1/../../../../arm-none-eabi/lib/thumb/v7-m/libcr_c.a(_cr_check_heap.o)
 .ARM.attributes
                0x000000000000072c       0x33 /usr/local/mcuxpressoide-10.3.1_2233/ide/plugins/com.nxp.mcuxpresso.tools.linux_10.3.0.201811011841/tools/bin/../lib/gcc/arm-none-eabi/7.3.1/../../../../arm-none-eabi/lib/thumb/v7-m/libcr_c.a(_do_fflush.o)
 .ARM.attributes
                0x000000000000075f       0x21 /usr/local/mcuxpressoide-10.3.1_2233/ide/plugins/com.nxp.mcuxpresso.tools.linux_10.3.0.201811011841/tools/bin/../lib/gcc/arm-none-eabi/7.3.1/thumb/v7-m/libcr_eabihelpers.a(memcpy.o)
 .ARM.attributes
                0x0000000000000780       0x33 /usr/local/mcuxpressoide-10.3.1_2233/ide/plugins/com.nxp.mcuxpresso.tools.linux_10.3.0.201811011841/tools/bin/../lib/gcc/arm-none-eabi/7.3.1/../../../../arm-none-eabi/lib/thumb/v7-m/libcr_nohost.a(__ciob.o)
 .ARM.attributes
                0x00000000000007b3       0x33 /usr/local/mcuxpressoide-10.3.1_2233/ide/plugins/com.nxp.mcuxpresso.tools.linux_10.3.0.201811011841/tools/bin/../lib/gcc/arm-none-eabi/7.3.1/../../../../arm-none-eabi/lib/thumb/v7-m/libcr_nohost.a(__sys_close.o)
 .ARM.attributes
                0x00000000000007e6       0x33 /usr/local/mcuxpressoide-10.3.1_2233/ide/plugins/com.nxp.mcuxpresso.tools.linux_10.3.0.201811011841/tools/bin/../lib/gcc/arm-none-eabi/7.3.1/../../../../arm-none-eabi/lib/thumb/v7-m/libcr_nohost.a(__sys_flen.o)
 .ARM.attributes
                0x0000000000000819       0x33 /usr/local/mcuxpressoide-10.3.1_2233/ide/plugins/com.nxp.mcuxpresso.tools.linux_10.3.0.201811011841/tools/bin/../lib/gcc/arm-none-eabi/7.3.1/../../../../arm-none-eabi/lib/thumb/v7-m/libcr_nohost.a(__sys_istty.o)
 .ARM.attributes
                0x000000000000084c       0x33 /usr/local/mcuxpressoide-10.3.1_2233/ide/plugins/com.nxp.mcuxpresso.tools.linux_10.3.0.201811011841/tools/bin/../lib/gcc/arm-none-eabi/7.3.1/../../../../arm-none-eabi/lib/thumb/v7-m/libcr_nohost.a(__sys_remove.o)
 .ARM.attributes
                0x000000000000087f       0x33 /usr/local/mcuxpressoide-10.3.1_2233/ide/plugins/com.nxp.mcuxpresso.tools.linux_10.3.0.201811011841/tools/bin/../lib/gcc/arm-none-eabi/7.3.1/../../../../arm-none-eabi/lib/thumb/v7-m/libcr_nohost.a(__sys_seek.o)
 .ARM.attributes
                0x00000000000008b2       0x33 /usr/local/mcuxpressoide-10.3.1_2233/ide/plugins/com.nxp.mcuxpresso.tools.linux_10.3.0.201811011841/tools/bin/../lib/gcc/arm-none-eabi/7.3.1/../../../../arm-none-eabi/lib/thumb/v7-m/libcr_nohost.a(__sys_tmpnam.o)

.debug_frame    0x0000000000000000     0x2258
 .debug_frame   0x0000000000000000      0x170 ./source/src/cr_startup_lpc175x_6x.o
 .debug_frame   0x0000000000000170       0xb0 ./source/src/proj1.o
 .debug_frame   0x0000000000000220       0x34 ./source/src/sysinit.o
 .debug_frame   0x0000000000000254       0xb0 ./freertos/src/FreeRTOSCommonHooks.o
 .debug_frame   0x0000000000000304       0x58 ./freertos/src/heap_3.o
 .debug_frame   0x000000000000035c       0xd8 ./freertos/src/list.o
 .debug_frame   0x0000000000000434      0x198 ./freertos/src/port.o
 .debug_frame   0x00000000000005cc      0x404 ./freertos/src/queue.o
 .debug_frame   0x00000000000009d0      0x634 ./freertos/src/tasks.o
 .debug_frame   0x0000000000001004      0x5d4 /home/bibin/Documents/MCUXpresso_10.3.1_2233/workspace/lpc_board_nxp_lpcxpresso_1769/Debug/liblpc_board_nxp_lpcxpresso_1769.a(board.o)
 .debug_frame   0x00000000000015d8       0x8c /home/bibin/Documents/MCUXpresso_10.3.1_2233/workspace/lpc_board_nxp_lpcxpresso_1769/Debug/liblpc_board_nxp_lpcxpresso_1769.a(board_sysinit.o)
 .debug_frame   0x0000000000001664       0x88 /home/bibin/Documents/MCUXpresso_10.3.1_2233/workspace/lpc_chip_175x_6x/Debug/liblpc_chip_175x_6x.a(chip_17xx_40xx.o)
 .debug_frame   0x00000000000016ec      0x490 /home/bibin/Documents/MCUXpresso_10.3.1_2233/workspace/lpc_chip_175x_6x/Debug/liblpc_chip_175x_6x.a(clock_17xx_40xx.o)
 .debug_frame   0x0000000000001b7c       0x80 /home/bibin/Documents/MCUXpresso_10.3.1_2233/workspace/lpc_chip_175x_6x/Debug/liblpc_chip_175x_6x.a(iocon_17xx_40xx.o)
 .debug_frame   0x0000000000001bfc      0x12c /home/bibin/Documents/MCUXpresso_10.3.1_2233/workspace/lpc_chip_175x_6x/Debug/liblpc_chip_175x_6x.a(sysinit_17xx_40xx.o)
 .debug_frame   0x0000000000001d28      0x530 /home/bibin/Documents/MCUXpresso_10.3.1_2233/workspace/lpc_chip_175x_6x/Debug/liblpc_chip_175x_6x.a(uart_17xx_40xx.o)
